Archive member included to satisfy reference by file (symbol)

/usr/lib/gcc/arm-none-eabi/4.9.3/../../../arm-none-eabi/lib/armv7e-m/fpu/libg.a(lib_a-atexit.o)
                              /usr/lib/gcc/arm-none-eabi/4.9.3/../../../arm-none-eabi/lib/armv7e-m/fpu/crt0.o (atexit)
/usr/lib/gcc/arm-none-eabi/4.9.3/../../../arm-none-eabi/lib/armv7e-m/fpu/libg.a(lib_a-ctype_.o)
                              parser.o (__ctype_ptr__)
/usr/lib/gcc/arm-none-eabi/4.9.3/../../../arm-none-eabi/lib/armv7e-m/fpu/libg.a(lib_a-errno.o)
                              syscall.o (__errno)
/usr/lib/gcc/arm-none-eabi/4.9.3/../../../arm-none-eabi/lib/armv7e-m/fpu/libg.a(lib_a-exit.o)
                              /usr/lib/gcc/arm-none-eabi/4.9.3/../../../arm-none-eabi/lib/armv7e-m/fpu/crt0.o (exit)
/usr/lib/gcc/arm-none-eabi/4.9.3/../../../arm-none-eabi/lib/armv7e-m/fpu/libg.a(lib_a-fini.o)
                              /usr/lib/gcc/arm-none-eabi/4.9.3/../../../arm-none-eabi/lib/armv7e-m/fpu/crt0.o (__libc_fini_array)
/usr/lib/gcc/arm-none-eabi/4.9.3/../../../arm-none-eabi/lib/armv7e-m/fpu/libg.a(lib_a-impure.o)
                              /usr/lib/gcc/arm-none-eabi/4.9.3/../../../arm-none-eabi/lib/armv7e-m/fpu/libg.a(lib_a-exit.o) (_global_impure_ptr)
/usr/lib/gcc/arm-none-eabi/4.9.3/../../../arm-none-eabi/lib/armv7e-m/fpu/libg.a(lib_a-init.o)
                              /usr/lib/gcc/arm-none-eabi/4.9.3/../../../arm-none-eabi/lib/armv7e-m/fpu/crt0.o (__libc_init_array)
/usr/lib/gcc/arm-none-eabi/4.9.3/../../../arm-none-eabi/lib/armv7e-m/fpu/libg.a(lib_a-memcpy.o)
                              FreeRTOS/queue.o (memcpy)
/usr/lib/gcc/arm-none-eabi/4.9.3/../../../arm-none-eabi/lib/armv7e-m/fpu/libg.a(lib_a-memset.o)
                              /usr/lib/gcc/arm-none-eabi/4.9.3/../../../arm-none-eabi/lib/armv7e-m/fpu/crt0.o (memset)
/usr/lib/gcc/arm-none-eabi/4.9.3/../../../arm-none-eabi/lib/armv7e-m/fpu/libg.a(lib_a-putchar.o)
                              parser.o (putchar)
/usr/lib/gcc/arm-none-eabi/4.9.3/../../../arm-none-eabi/lib/armv7e-m/fpu/libg.a(lib_a-puts.o)
                              main.o (puts)
/usr/lib/gcc/arm-none-eabi/4.9.3/../../../arm-none-eabi/lib/armv7e-m/fpu/libg.a(lib_a-setvbuf.o)
                              terminal.o (setvbuf)
/usr/lib/gcc/arm-none-eabi/4.9.3/../../../arm-none-eabi/lib/armv7e-m/fpu/libg.a(lib_a-strcasecmp.o)
                              parser.o (strcasecmp)
/usr/lib/gcc/arm-none-eabi/4.9.3/../../../arm-none-eabi/lib/armv7e-m/fpu/libg.a(lib_a-strcpy.o)
                              parser.o (strcpy)
/usr/lib/gcc/arm-none-eabi/4.9.3/../../../arm-none-eabi/lib/armv7e-m/fpu/libg.a(lib_a-strlen.o)
                              parser.o (strlen)
/usr/lib/gcc/arm-none-eabi/4.9.3/../../../arm-none-eabi/lib/armv7e-m/fpu/libg.a(lib_a-strtok.o)
                              parser.o (strtok)
/usr/lib/gcc/arm-none-eabi/4.9.3/../../../arm-none-eabi/lib/armv7e-m/fpu/libg.a(lib_a-strtok_r.o)
                              /usr/lib/gcc/arm-none-eabi/4.9.3/../../../arm-none-eabi/lib/armv7e-m/fpu/libg.a(lib_a-strtok.o) (__strtok_r)
/usr/lib/gcc/arm-none-eabi/4.9.3/../../../arm-none-eabi/lib/armv7e-m/fpu/libg.a(lib_a-strtol.o)
                              parser.o (strtol)
/usr/lib/gcc/arm-none-eabi/4.9.3/../../../arm-none-eabi/lib/armv7e-m/fpu/libg.a(lib_a-strtoul.o)
                              parser.o (strtoul)
/usr/lib/gcc/arm-none-eabi/4.9.3/../../../arm-none-eabi/lib/armv7e-m/fpu/libg.a(lib_a-__atexit.o)
                              /usr/lib/gcc/arm-none-eabi/4.9.3/../../../arm-none-eabi/lib/armv7e-m/fpu/libg.a(lib_a-atexit.o) (__register_exitproc)
/usr/lib/gcc/arm-none-eabi/4.9.3/../../../arm-none-eabi/lib/armv7e-m/fpu/libg.a(lib_a-__call_atexit.o)
                              /usr/lib/gcc/arm-none-eabi/4.9.3/../../../arm-none-eabi/lib/armv7e-m/fpu/libg.a(lib_a-exit.o) (__call_exitprocs)
/usr/lib/gcc/arm-none-eabi/4.9.3/../../../arm-none-eabi/lib/armv7e-m/fpu/libg.a(lib_a-fflush.o)
                              /usr/lib/gcc/arm-none-eabi/4.9.3/../../../arm-none-eabi/lib/armv7e-m/fpu/libg.a(lib_a-setvbuf.o) (_fflush_r)
/usr/lib/gcc/arm-none-eabi/4.9.3/../../../arm-none-eabi/lib/armv7e-m/fpu/libg.a(lib_a-findfp.o)
                              /usr/lib/gcc/arm-none-eabi/4.9.3/../../../arm-none-eabi/lib/armv7e-m/fpu/libg.a(lib_a-setvbuf.o) (_cleanup_r)
/usr/lib/gcc/arm-none-eabi/4.9.3/../../../arm-none-eabi/lib/armv7e-m/fpu/libg.a(lib_a-freer.o)
                              /usr/lib/gcc/arm-none-eabi/4.9.3/../../../arm-none-eabi/lib/armv7e-m/fpu/libg.a(lib_a-setvbuf.o) (_free_r)
/usr/lib/gcc/arm-none-eabi/4.9.3/../../../arm-none-eabi/lib/armv7e-m/fpu/libg.a(lib_a-fvwrite.o)
                              /usr/lib/gcc/arm-none-eabi/4.9.3/../../../arm-none-eabi/lib/armv7e-m/fpu/libg.a(lib_a-puts.o) (__sfvwrite_r)
/usr/lib/gcc/arm-none-eabi/4.9.3/../../../arm-none-eabi/lib/armv7e-m/fpu/libg.a(lib_a-fwalk.o)
[...]
Memory Configuration

Name             Origin             Length             Attributes
FLASH            0x0000000008000000 0x0000000000040000 xr
RAM              0x0000000020000000 0x000000000000a000 xrw
CCMRAM           0x0000000010000000 0x0000000000002000 rw
*default*        0x0000000000000000 0xffffffffffffffff

Linker script and memory map

LOAD /usr/lib/gcc/arm-none-eabi/4.9.3/armv7e-m/fpu/crti.o
LOAD /usr/lib/gcc/arm-none-eabi/4.9.3/armv7e-m/fpu/crtbegin.o
LOAD /usr/lib/gcc/arm-none-eabi/4.9.3/../../../arm-none-eabi/lib/armv7e-m/fpu/crt0.o
LOAD main.o
LOAD monitor.o
LOAD uart.o
LOAD printf_stdarg.o
LOAD parser.o
LOAD dump.o
LOAD syscall.o
LOAD terminal.o
LOAD decoder/decoder.o
LOAD decoder/STM32F30x_decoder.o
LOAD Drivers/CMSIS/Device/ST/STM32F3xx/Source/Templates/system_stm32f3xx.o
LOAD Drivers/STM32F3xx_HAL_Driver/Src/stm32f3xx_hal_rcc.o
LOAD Drivers/STM32F3xx_HAL_Driver/Src/stm32f3xx_hal_rcc_ex.o
LOAD Drivers/STM32F3xx_HAL_Driver/Src/stm32f3xx_hal.o
LOAD Drivers/STM32F3xx_HAL_Driver/Src/stm32f3xx_hal_cortex.o
LOAD Drivers/STM32F3xx_HAL_Driver/Src/stm32f3xx_hal_uart.o
LOAD Drivers/STM32F3xx_HAL_Driver/Src/stm32f3xx_hal_gpio.o
LOAD Drivers/STM32F3xx_HAL_Driver/Src/stm32f3xx_hal_pcd.o
LOAD Drivers/STM32F3xx_HAL_Driver/Src/stm32f3xx_hal_pcd_ex.o
LOAD Drivers/STM32F3xx_HAL_Driver/Src/stm32f3xx_hal_i2c.o
LOAD Drivers/STM32F3xx_HAL_Driver/Src/stm32f3xx_hal_spi.o
LOAD Drivers/STM32F3xx_HAL_Driver/Src/stm32f3xx_hal_adc.o
LOAD Drivers/STM32F3xx_HAL_Driver/Src/stm32f3xx_hal_adc_ex.o
LOAD Drivers/STM32F3xx_HAL_Driver/Src/stm32f3xx_hal_tim.o
LOAD Drivers/STM32F3xx_HAL_Driver/Src/stm32f3xx_hal_tim_ex.o
LOAD Drivers/STM32_USB_Device_Library/Core/Src/usbd_core.o
LOAD Drivers/STM32_USB_Device_Library/Core/Src/usbd_ctlreq.o
LOAD Drivers/STM32_USB_Device_Library/Core/Src/usbd_ioreq.o
LOAD Drivers/STM32_USB_Device_Library/Class/CDC/Src/usbd_cdc.o
LOAD usbd_conf.o
LOAD usbd_desc.o
LOAD usbd_cdc_interface.o
LOAD Drivers/BSP/STM32F3-Discovery/stm32f3_discovery.o
LOAD Drivers/BSP/STM32F3-Discovery/stm32f3_discovery_accelerometer.o
LOAD Drivers/BSP/STM32F3-Discovery/stm32f3_discovery_gyroscope.o
LOAD Drivers/BSP/Components/lsm303dlhc/lsm303dlhc.o
LOAD Drivers/BSP/Components/l3gd20/l3gd20.o
LOAD FreeRTOS/croutine.o
LOAD FreeRTOS/event_groups.o
LOAD FreeRTOS/list.o
LOAD FreeRTOS/queue.o
LOAD FreeRTOS/tasks.o
LOAD FreeRTOS/timers.o
LOAD FreeRTOS/portable/GCC/ARM_CM4F/port.o
LOAD FreeRTOS/portable/MemMang/heap_4.o
LOAD Drivers/CMSIS/Device/ST/STM32F3xx/Source/Templates/gcc/startup_stm32f303xc.o
START GROUP
LOAD /usr/lib/gcc/arm-none-eabi/4.9.3/armv7e-m/fpu/libgcc.a
LOAD /usr/lib/gcc/arm-none-eabi/4.9.3/../../../arm-none-eabi/lib/armv7e-m/fpu/libg.a
LOAD /usr/lib/gcc/arm-none-eabi/4.9.3/../../../arm-none-eabi/lib/armv7e-m/fpu/libc.a
END GROUP
LOAD /usr/lib/gcc/arm-none-eabi/4.9.3/armv7e-m/fpu/crtend.o
LOAD /usr/lib/gcc/arm-none-eabi/4.9.3/armv7e-m/fpu/crtn.o
                0x0000000020007fff                _estack = 0x20007fff
                0x0000000000000200                _Min_Heap_Size = 0x200
                0x0000000000000400                _Min_Stack_Size = 0x400

.isr_vector     0x0000000008000000      0x188
                0x0000000008000000                . = ALIGN (0x4)
 *(.isr_vector)
 .isr_vector    0x0000000008000000      0x188 Drivers/CMSIS/Device/ST/STM32F3xx/Source/Templates/gcc/startup_stm32f303xc.o
                0x0000000008000000                g_pfnVectors
                0x0000000008000188                . = ALIGN (0x4)

.text           0x0000000008000190     0x4da0
                0x0000000008000190                . = ALIGN (0x4)
 *(.text)
 .text          0x0000000008000190       0xa4 /usr/lib/gcc/arm-none-eabi/4.9.3/armv7e-m/fpu/crtbegin.o
 .text          0x0000000008000234      0x134 /usr/lib/gcc/arm-none-eabi/4.9.3/../../../arm-none-eabi/lib/armv7e-m/fpu/libg.a(lib_a-memcpy.o)
                0x0000000008000234                memcpy
 *(.text*)
 .text.vTask1   0x0000000008000368       0x44 main.o
                0x0000000008000368                vTask1
 .text.vTask2   0x00000000080003ac       0x44 main.o
                0x00000000080003ac                vTask2
 .text.SystemCoreClockConfigure
                0x00000000080003f0       0x78 main.o
                0x00000000080003f0                SystemCoreClockConfigure
 .text.startup.main
                0x0000000008000468       0x98 main.o
                0x0000000008000468                main
 .text.vApplicationMallocFailedHook
                0x0000000008000500        0x2 main.o
                0x0000000008000500                vApplicationMallocFailedHook
 .text.vApplicationStackOverflowHook
                0x0000000008000502        0x2 main.o
                0x0000000008000502                vApplicationStackOverflowHook
 .text.vApplicationTickHook
                0x0000000008000504        0x2 main.o
                0x0000000008000504                vApplicationTickHook
 .text.CmdW     0x0000000008000506       0x1c monitor.o
                0x0000000008000506                CmdW
 *fill*         0x0000000008000522        0x2 
 .text.CmdR     0x0000000008000524       0x20 monitor.o
                0x0000000008000524                CmdR
 .text.printchar
                0x0000000008000544       0x28 printf_stdarg.o
 .text.prints   0x000000000800056c       0x86 printf_stdarg.o
 .text.printi   0x00000000080005f2       0xa6 printf_stdarg.o
 .text.print    0x0000000008000698      0x120 printf_stdarg.o
 .text.printf   0x00000000080007b8       0x1c printf_stdarg.o
                0x00000000080007b8                printf
 .text.fetch_uint32_arg
                0x00000000080007d4       0x28 parser.o
                0x00000000080007d4                fetch_uint32_arg
 .text.fetch_string_arg
                0x00000000080007fc       0x20 parser.o
                0x00000000080007fc                fetch_string_arg
 .text.DumpBuffer
                0x000000000800081c       0xb4 dump.o
                0x000000000800081c                DumpBuffer
 .text.CmdDump  0x00000000080008d0       0x54 dump.o
                0x00000000080008d0                CmdDump
 .text._sbrk_r  0x0000000008000924       0x34 syscall.o
                0x0000000008000924                _sbrk_r
 .text._close_r
                0x0000000008000958        0x6 syscall.o
                0x0000000008000958                _close_r
 .text._fstat_r
                0x000000000800095e        0xa syscall.o
                0x000000000800095e                _fstat_r
 .text._isatty_r
                0x0000000008000968        0x4 syscall.o
                0x0000000008000968                _isatty_r
 .text._lseek_r
                0x000000000800096c        0x4 syscall.o
                0x000000000800096c                _lseek_r
 .text.CmdStats
                0x0000000008000970       0x54 terminal.o
                0x0000000008000970                CmdStats
 .text.TerminalRead
                0x00000000080009c4       0x4c terminal.o
                0x00000000080009c4                TerminalRead
 .text._read_r  0x0000000008000a10        0xa terminal.o
                0x0000000008000a10                _read_r
 *fill*         0x0000000008000a1a        0x2 
 .text.TerminalOutputBufferWrite
                0x0000000008000a1c       0xe8 terminal.o
                0x0000000008000a1c                TerminalOutputBufferWrite
 .text._write_r
                0x0000000008000b04       0x38 terminal.o
                0x0000000008000b04                _write_r
 .text.USB_LP_CAN_RX0_IRQHandler
                0x0000000008000b3c        0xc terminal.o
                0x0000000008000b3c                USB_LP_CAN_RX0_IRQHandler
 .text.DecodeReadRegister
                0x0000000008000b48       0x40 decoder/decoder.o
                0x0000000008000b48                DecodeReadRegister
 .text.DecodeWriteRegister
                0x0000000008000b88       0x3c decoder/decoder.o
                0x0000000008000b88                DecodeWriteRegister
 .text.DecodeField
                0x0000000008000bc4       0x40 decoder/decoder.o
                0x0000000008000bc4                DecodeField
 .text.DecodeRegister
                0x0000000008000c04       0x4c decoder/decoder.o
                0x0000000008000c04                DecodeRegister
 .text.DecodePeripheral
                0x0000000008000c50       0x3c decoder/decoder.o
                0x0000000008000c50                DecodePeripheral
 .text.DecodePrintPeripherals
                0x0000000008000c8c       0x44 decoder/decoder.o
                0x0000000008000c8c                DecodePrintPeripherals
 .text.DecodePrintRegisters
                0x0000000008000cd0       0x48 decoder/decoder.o
                0x0000000008000cd0                DecodePrintRegisters
 .text.CmdDecode
                0x0000000008000d18      0x1e4 decoder/decoder.o
                0x0000000008000d18                CmdDecode
 .text.SystemInit
                0x0000000008000efc       0x68 Drivers/CMSIS/Device/ST/STM32F3xx/Source/Templates/system_stm32f3xx.o
                0x0000000008000efc                SystemInit
 .text.SystemCoreClockUpdate
                0x0000000008000f64       0x68 Drivers/CMSIS/Device/ST/STM32F3xx/Source/Templates/system_stm32f3xx.o
                0x0000000008000f64                SystemCoreClockUpdate
 .text.HAL_PCD_SetAddress
                0x0000000008000fcc       0x2c Drivers/STM32F3xx_HAL_Driver/Src/stm32f3xx_hal_pcd.o
                0x0000000008000fcc                HAL_PCD_SetAddress
 .text.HAL_PCD_EP_Open
                0x0000000008000ff8      0x338 Drivers/STM32F3xx_HAL_Driver/Src/stm32f3xx_hal_pcd.o
                0x0000000008000ff8                HAL_PCD_EP_Open
 .text.HAL_PCD_EP_Receive
                0x0000000008001330       0xf4 Drivers/STM32F3xx_HAL_Driver/Src/stm32f3xx_hal_pcd.o
                0x0000000008001330                HAL_PCD_EP_Receive
 .text.HAL_PCD_EP_Transmit
                0x0000000008001424      0x182 Drivers/STM32F3xx_HAL_Driver/Src/stm32f3xx_hal_pcd.o
                0x0000000008001424                HAL_PCD_EP_Transmit
 .text.HAL_PCD_IRQHandler
                0x00000000080015a6      0x4a6 Drivers/STM32F3xx_HAL_Driver/Src/stm32f3xx_hal_pcd.o
                0x00000000080015a6                HAL_PCD_IRQHandler
 .text.HAL_PCD_EP_SetStall
                0x0000000008001a4c       0xa2 Drivers/STM32F3xx_HAL_Driver/Src/stm32f3xx_hal_pcd.o
                0x0000000008001a4c                HAL_PCD_EP_SetStall
 .text.HAL_PCD_EP_ClrStall
                0x0000000008001aee       0xc8 Drivers/STM32F3xx_HAL_Driver/Src/stm32f3xx_hal_pcd.o
                0x0000000008001aee                HAL_PCD_EP_ClrStall
 .text.PCD_WritePMA
                0x0000000008001bb6       0x2e Drivers/STM32F3xx_HAL_Driver/Src/stm32f3xx_hal_pcd_ex.o
                0x0000000008001bb6                PCD_WritePMA
 .text.PCD_ReadPMA
                0x0000000008001be4       0x22 Drivers/STM32F3xx_HAL_Driver/Src/stm32f3xx_hal_pcd_ex.o
                0x0000000008001be4                PCD_ReadPMA
 .text.USBD_SetClassConfig
                0x0000000008001c06       0x16 Drivers/STM32_USB_Device_Library/Core/Src/usbd_core.o
                0x0000000008001c06                USBD_SetClassConfig
 .text.USBD_ClrClassConfig
                0x0000000008001c1c        0xe Drivers/STM32_USB_Device_Library/Core/Src/usbd_core.o
                0x0000000008001c1c                USBD_ClrClassConfig
 .text.USBD_LL_SetupStage
                0x0000000008001c2a       0x5a Drivers/STM32_USB_Device_Library/Core/Src/usbd_core.o
                0x0000000008001c2a                USBD_LL_SetupStage
 .text.USBD_LL_DataOutStage
                0x0000000008001c84       0x60 Drivers/STM32_USB_Device_Library/Core/Src/usbd_core.o
                0x0000000008001c84                USBD_LL_DataOutStage
 .text.USBD_LL_DataInStage
                0x0000000008001ce4       0x88 Drivers/STM32_USB_Device_Library/Core/Src/usbd_core.o
                0x0000000008001ce4                USBD_LL_DataInStage
 .text.USBD_LL_Reset
                0x0000000008001d6c       0x3e Drivers/STM32_USB_Device_Library/Core/Src/usbd_core.o
                0x0000000008001d6c                USBD_LL_Reset
 .text.USBD_LL_SetSpeed
                0x0000000008001daa        0x6 Drivers/STM32_USB_Device_Library/Core/Src/usbd_core.o
                0x0000000008001daa                USBD_LL_SetSpeed
 .text.USBD_LL_SOF
                0x0000000008001db0       0x18 Drivers/STM32_USB_Device_Library/Core/Src/usbd_core.o
                0x0000000008001db0                USBD_LL_SOF
 .text.USBD_ParseSetupRequest
                0x0000000008001dc8       0x28 Drivers/STM32_USB_Device_Library/Core/Src/usbd_ctlreq.o
                0x0000000008001dc8                USBD_ParseSetupRequest
 .text.USBD_CtlError
                0x0000000008001df0       0x16 Drivers/STM32_USB_Device_Library/Core/Src/usbd_ctlreq.o
                0x0000000008001df0                USBD_CtlError
 *fill*         0x0000000008001e06        0x2 
 .text.USBD_StdDevReq
                0x0000000008001e08      0x218 Drivers/STM32_USB_Device_Library/Core/Src/usbd_ctlreq.o
                0x0000000008001e08                USBD_StdDevReq
 .text.USBD_StdItfReq
                0x0000000008002020       0x30 Drivers/STM32_USB_Device_Library/Core/Src/usbd_ctlreq.o
                0x0000000008002020                USBD_StdItfReq
 .text.USBD_StdEPReq
                0x0000000008002050       0xb2 Drivers/STM32_USB_Device_Library/Core/Src/usbd_ctlreq.o
                0x0000000008002050                USBD_StdEPReq
 .text.USBD_CtlSendData
                0x0000000008002102       0x1c Drivers/STM32_USB_Device_Library/Core/Src/usbd_ioreq.o
                0x0000000008002102                USBD_CtlSendData
 .text.USBD_CtlContinueSendData
                0x000000000800211e       0x12 Drivers/STM32_USB_Device_Library/Core/Src/usbd_ioreq.o
                0x000000000800211e                USBD_CtlContinueSendData
 .text.USBD_CtlContinueRx
                0x0000000008002130       0x12 Drivers/STM32_USB_Device_Library/Core/Src/usbd_ioreq.o
                0x0000000008002130                USBD_CtlContinueRx
 .text.USBD_CtlSendStatus
                0x0000000008002142       0x16 Drivers/STM32_USB_Device_Library/Core/Src/usbd_ioreq.o
                0x0000000008002142                USBD_CtlSendStatus
 .text.USBD_CtlReceiveStatus
                0x0000000008002158       0x16 Drivers/STM32_USB_Device_Library/Core/Src/usbd_ioreq.o
                0x0000000008002158                USBD_CtlReceiveStatus
 .text.USBD_CDC_SetTxBuffer
                0x000000000800216e       0x10 Drivers/STM32_USB_Device_Library/Class/CDC/Src/usbd_cdc.o
                0x000000000800216e                USBD_CDC_SetTxBuffer
 .text.USBD_CDC_TransmitPacket
                0x000000000800217e       0x2e Drivers/STM32_USB_Device_Library/Class/CDC/Src/usbd_cdc.o
                0x000000000800217e                USBD_CDC_TransmitPacket
 .text.HAL_PCD_SetupStageCallback
                0x00000000080021ac        0xe usbd_conf.o
                0x00000000080021ac                HAL_PCD_SetupStageCallback
 .text.HAL_PCD_DataOutStageCallback
                0x00000000080021ba       0x12 usbd_conf.o
                0x00000000080021ba                HAL_PCD_DataOutStageCallback
 .text.HAL_PCD_DataInStageCallback
                0x00000000080021cc       0x10 usbd_conf.o
                0x00000000080021cc                HAL_PCD_DataInStageCallback
 .text.HAL_PCD_SOFCallback
                0x00000000080021dc        0x8 usbd_conf.o
                0x00000000080021dc                HAL_PCD_SOFCallback
 .text.HAL_PCD_ResetCallback
                0x00000000080021e4       0x1a usbd_conf.o
                0x00000000080021e4                HAL_PCD_ResetCallback
 .text.HAL_PCD_SuspendCallback
                0x00000000080021fe        0x2 usbd_conf.o
                0x00000000080021fe                HAL_PCD_SuspendCallback
 .text.HAL_PCD_ResumeCallback
                0x0000000008002200        0x2 usbd_conf.o
                0x0000000008002200                HAL_PCD_ResumeCallback
 .text.USBD_LL_OpenEP
                0x0000000008002202       0x14 usbd_conf.o
                0x0000000008002202                USBD_LL_OpenEP
 .text.USBD_LL_StallEP
                0x0000000008002216        0xe usbd_conf.o
                0x0000000008002216                USBD_LL_StallEP
 .text.USBD_LL_ClearStallEP
                0x0000000008002224        0xe usbd_conf.o
                0x0000000008002224                USBD_LL_ClearStallEP
 .text.USBD_LL_IsStallEP
                0x0000000008002232       0x26 usbd_conf.o
                0x0000000008002232                USBD_LL_IsStallEP
 .text.USBD_LL_SetUSBAddress
                0x0000000008002258        0xe usbd_conf.o
                0x0000000008002258                USBD_LL_SetUSBAddress
 .text.USBD_LL_Transmit
                0x0000000008002266        0xe usbd_conf.o
                0x0000000008002266                USBD_LL_Transmit
 .text.USBD_LL_PrepareReceive
                0x0000000008002274        0xe usbd_conf.o
                0x0000000008002274                USBD_LL_PrepareReceive
 .text.vListInitialise
                0x0000000008002282       0x16 FreeRTOS/list.o
                0x0000000008002282                vListInitialise
 .text.vListInitialiseItem
                0x0000000008002298        0x6 FreeRTOS/list.o
                0x0000000008002298                vListInitialiseItem
 .text.vListInsertEnd
                0x000000000800229e       0x18 FreeRTOS/list.o
                0x000000000800229e                vListInsertEnd
 .text.vListInsert
                0x00000000080022b6       0x30 FreeRTOS/list.o
                0x00000000080022b6                vListInsert
 .text.uxListRemove
                0x00000000080022e6       0x20 FreeRTOS/list.o
                0x00000000080022e6                uxListRemove
 .text.unlikely.prvCopyDataToQueue
                0x0000000008002306       0x70 FreeRTOS/queue.o
 .text.unlikely.prvCopyDataFromQueue
                0x0000000008002376       0x26 FreeRTOS/queue.o
 .text.prvNotifyQueueSetContainer
                0x000000000800239c       0x76 FreeRTOS/queue.o
 .text.prvUnlockQueue
                0x0000000008002412       0x78 FreeRTOS/queue.o
 *fill*         0x000000000800248a        0x2 
 .text.xQueueGenericReset
                0x000000000800248c       0x80 FreeRTOS/queue.o
                0x000000000800248c                xQueueGenericReset
 .text.xQueueGenericCreate
                0x000000000800250c       0x52 FreeRTOS/queue.o
                0x000000000800250c                xQueueGenericCreate
 *fill*         0x000000000800255e        0x2 
 .text.xQueueGenericSend
                0x0000000008002560      0x16c FreeRTOS/queue.o
                0x0000000008002560                xQueueGenericSend
 .text.xQueueGenericReceive
                0x00000000080026cc      0x174 FreeRTOS/queue.o
                0x00000000080026cc                xQueueGenericReceive
 .text.prvAddNewTaskToReadyList
                0x0000000008002840       0xf4 FreeRTOS/tasks.o
 .text.prvResetNextTaskUnblockTime
                0x0000000008002934       0x24 FreeRTOS/tasks.o
 .text.prvInitialiseNewTask.isra.3
                0x0000000008002958       0x8e FreeRTOS/tasks.o
 *fill*         0x00000000080029e6        0x2 
 .text.prvAddCurrentTaskToDelayedList
                0x00000000080029e8       0x78 FreeRTOS/tasks.o
 .text.xTaskCreateStatic.part.6
                0x0000000008002a60       0x12 FreeRTOS/tasks.o
 .text.xTaskCreate
                0x0000000008002a72       0x5a FreeRTOS/tasks.o
                0x0000000008002a72                xTaskCreate
 .text.vTaskStartScheduler
                0x0000000008002acc        0x6 FreeRTOS/tasks.o
                0x0000000008002acc                vTaskStartScheduler
 *fill*         0x0000000008002ad2        0x2 
 .text.vTaskSuspendAll
                0x0000000008002ad4       0x10 FreeRTOS/tasks.o
                0x0000000008002ad4                vTaskSuspendAll
 .text.xTaskIncrementTick
                0x0000000008002ae4      0x120 FreeRTOS/tasks.o
                0x0000000008002ae4                xTaskIncrementTick
 .text.xTaskResumeAll
                0x0000000008002c04       0xe4 FreeRTOS/tasks.o
                0x0000000008002c04                xTaskResumeAll
 .text.vTaskSwitchContext
                0x0000000008002ce8       0xa4 FreeRTOS/tasks.o
                0x0000000008002ce8                vTaskSwitchContext
 .text.vTaskPlaceOnEventList
                0x0000000008002d8c       0x34 FreeRTOS/tasks.o
                0x0000000008002d8c                vTaskPlaceOnEventList
 .text.xTaskRemoveFromEventList
                0x0000000008002dc0       0x84 FreeRTOS/tasks.o
                0x0000000008002dc0                xTaskRemoveFromEventList
 .text.vTaskSetTimeOutState
                0x0000000008002e44       0x2c FreeRTOS/tasks.o
                0x0000000008002e44                vTaskSetTimeOutState
 .text.xTaskCheckForTimeOut
                0x0000000008002e70       0x74 FreeRTOS/tasks.o
                0x0000000008002e70                xTaskCheckForTimeOut
 .text.vTaskMissedYield
                0x0000000008002ee4        0xc FreeRTOS/tasks.o
                0x0000000008002ee4                vTaskMissedYield
 .text.xTaskGetSchedulerState
                0x0000000008002ef0       0x20 FreeRTOS/tasks.o
                0x0000000008002ef0                xTaskGetSchedulerState
 .text.vTaskPriorityInherit
                0x0000000008002f10       0x70 FreeRTOS/tasks.o
                0x0000000008002f10                vTaskPriorityInherit
 .text.xTaskPriorityDisinherit
                0x0000000008002f80       0x84 FreeRTOS/tasks.o
                0x0000000008002f80                xTaskPriorityDisinherit
 .text.pvTaskIncrementMutexHeldCount
                0x0000000008003004       0x18 FreeRTOS/tasks.o
                0x0000000008003004                pvTaskIncrementMutexHeldCount
 .text.prvTaskExitError
                0x000000000800301c       0x30 FreeRTOS/portable/GCC/ARM_CM4F/port.o
 .text.pxPortInitialiseStack
                0x000000000800304c       0x2c FreeRTOS/portable/GCC/ARM_CM4F/port.o
                0x000000000800304c                pxPortInitialiseStack
 *fill*         0x0000000008003078        0x8 
 .text.SVC_Handler
                0x0000000008003080       0x24 FreeRTOS/portable/GCC/ARM_CM4F/port.o
                0x0000000008003080                SVC_Handler
 .text.vPortEnterCritical
                0x00000000080030a4       0x44 FreeRTOS/portable/GCC/ARM_CM4F/port.o
                0x00000000080030a4                vPortEnterCritical
 .text.vPortExitCritical
                0x00000000080030e8       0x28 FreeRTOS/portable/GCC/ARM_CM4F/port.o
                0x00000000080030e8                vPortExitCritical
 .text.PendSV_Handler
                0x0000000008003110       0x64 FreeRTOS/portable/GCC/ARM_CM4F/port.o
                0x0000000008003110                PendSV_Handler
 .text.SysTick_Handler
                0x0000000008003174       0x2c FreeRTOS/portable/GCC/ARM_CM4F/port.o
                0x0000000008003174                SysTick_Handler
 .text.unlikely.prvInsertBlockIntoFreeList
                0x00000000080031a0       0x48 FreeRTOS/portable/MemMang/heap_4.o
 .text.pvPortMalloc
                0x00000000080031e8      0x130 FreeRTOS/portable/MemMang/heap_4.o
                0x00000000080031e8                pvPortMalloc
 .text.vPortFree
                0x0000000008003318       0x70 FreeRTOS/portable/MemMang/heap_4.o
                0x0000000008003318                vPortFree
 .text.Reset_Handler
                0x0000000008003388       0x50 Drivers/CMSIS/Device/ST/STM32F3xx/Source/Templates/gcc/startup_stm32f303xc.o
                0x0000000008003388                Reset_Handler
 .text.Default_Handler
                0x00000000080033d8        0x2 Drivers/CMSIS/Device/ST/STM32F3xx/Source/Templates/gcc/startup_stm32f303xc.o
                0x00000000080033d8                RTC_Alarm_IRQHandler
                0x00000000080033d8                TIM8_TRG_COM_IRQHandler
                0x00000000080033d8                TIM8_CC_IRQHandler
                0x00000000080033d8                DebugMon_Handler
                0x00000000080033d8                TIM1_CC_IRQHandler
                0x00000000080033d8                HardFault_Handler
                0x00000000080033d8                USB_HP_IRQHandler
                0x00000000080033d8                PVD_IRQHandler
                0x00000000080033d8                TAMP_STAMP_IRQHandler
                0x00000000080033d8                NMI_Handler
                0x00000000080033d8                EXTI3_IRQHandler
                0x00000000080033d8                USB_HP_CAN_TX_IRQHandler
                0x00000000080033d8                EXTI0_IRQHandler
                0x00000000080033d8                I2C2_EV_IRQHandler
                0x00000000080033d8                FPU_IRQHandler
                0x00000000080033d8                TIM1_UP_TIM16_IRQHandler
                0x00000000080033d8                UsageFault_Handler
                0x00000000080033d8                ADC1_2_IRQHandler
                0x00000000080033d8                SPI1_IRQHandler
                0x00000000080033d8                CAN_SCE_IRQHandler
                0x00000000080033d8                TIM6_DAC_IRQHandler
                0x00000000080033d8                TIM8_UP_IRQHandler
                0x00000000080033d8                DMA2_Channel2_IRQHandler
                0x00000000080033d8                DMA1_Channel4_IRQHandler
                0x00000000080033d8                USART3_IRQHandler
                0x00000000080033d8                DMA1_Channel7_IRQHandler
                0x00000000080033d8                UART5_IRQHandler
                0x00000000080033d8                ADC3_IRQHandler
                0x00000000080033d8                TIM4_IRQHandler
                0x00000000080033d8                CAN_RX1_IRQHandler
                0x00000000080033d8                DMA2_Channel1_IRQHandler
                0x00000000080033d8                I2C1_EV_IRQHandler
                0x00000000080033d8                DMA1_Channel6_IRQHandler
                0x00000000080033d8                UART4_IRQHandler
                0x00000000080033d8                DMA2_Channel4_IRQHandler
                0x00000000080033d8                TIM3_IRQHandler
                0x00000000080033d8                RCC_IRQHandler
                0x00000000080033d8                DMA1_Channel1_IRQHandler
                0x00000000080033d8                Default_Handler
                0x00000000080033d8                USBWakeUp_RMP_IRQHandler
                0x00000000080033d8                EXTI15_10_IRQHandler
                0x00000000080033d8                TIM7_IRQHandler
                0x00000000080033d8                EXTI9_5_IRQHandler
                0x00000000080033d8                RTC_WKUP_IRQHandler
                0x00000000080033d8                SPI2_IRQHandler
                0x00000000080033d8                MemManage_Handler
                0x00000000080033d8                DMA2_Channel5_IRQHandler
                0x00000000080033d8                DMA1_Channel5_IRQHandler
                0x00000000080033d8                USB_LP_IRQHandler
                0x00000000080033d8                EXTI4_IRQHandler
                0x00000000080033d8                TIM1_TRG_COM_TIM17_IRQHandler
                0x00000000080033d8                DMA1_Channel3_IRQHandler
                0x00000000080033d8                ADC4_IRQHandler
                0x00000000080033d8                WWDG_IRQHandler
                0x00000000080033d8                TIM2_IRQHandler
                0x00000000080033d8                COMP7_IRQHandler
                0x00000000080033d8                COMP1_2_3_IRQHandler
                0x00000000080033d8                EXTI1_IRQHandler
                0x00000000080033d8                USART2_IRQHandler
                0x00000000080033d8                COMP4_5_6_IRQHandler
                0x00000000080033d8                I2C2_ER_IRQHandler
                0x00000000080033d8                DMA1_Channel2_IRQHandler
                0x00000000080033d8                TIM8_BRK_IRQHandler
                0x00000000080033d8                FLASH_IRQHandler
                0x00000000080033d8                BusFault_Handler
                0x00000000080033d8                USART1_IRQHandler
                0x00000000080033d8                SPI3_IRQHandler
                0x00000000080033d8                I2C1_ER_IRQHandler
                0x00000000080033d8                USBWakeUp_IRQHandler
                0x00000000080033d8                DMA2_Channel3_IRQHandler
                0x00000000080033d8                EXTI2_TSC_IRQHandler
                0x00000000080033d8                TIM1_BRK_TIM15_IRQHandler
 *fill*         0x00000000080033da        0x2 
 .text.atexit   0x00000000080033dc        0xc /usr/lib/gcc/arm-none-eabi/4.9.3/../../../arm-none-eabi/lib/armv7e-m/fpu/libg.a(lib_a-atexit.o)
                0x00000000080033dc                atexit
 .text.__errno  0x00000000080033e8        0xc /usr/lib/gcc/arm-none-eabi/4.9.3/../../../arm-none-eabi/lib/armv7e-m/fpu/libg.a(lib_a-errno.o)
                0x00000000080033e8                __errno
 .text.__libc_fini_array
                0x00000000080033f4       0x2c /usr/lib/gcc/arm-none-eabi/4.9.3/../../../arm-none-eabi/lib/armv7e-m/fpu/libg.a(lib_a-fini.o)
                0x00000000080033f4                __libc_fini_array
 .text.__libc_init_array
                0x0000000008003420       0x50 /usr/lib/gcc/arm-none-eabi/4.9.3/../../../arm-none-eabi/lib/armv7e-m/fpu/libg.a(lib_a-init.o)
                0x0000000008003420                __libc_init_array
 .text.memset   0x0000000008003470       0x9c /usr/lib/gcc/arm-none-eabi/4.9.3/../../../arm-none-eabi/lib/armv7e-m/fpu/libg.a(lib_a-memset.o)
                0x0000000008003470                memset
 .text.putchar  0x000000000800350c       0x14 /usr/lib/gcc/arm-none-eabi/4.9.3/../../../arm-none-eabi/lib/armv7e-m/fpu/libg.a(lib_a-putchar.o)
                0x000000000800350c                putchar
 .text._puts_r  0x0000000008003520       0x64 /usr/lib/gcc/arm-none-eabi/4.9.3/../../../arm-none-eabi/lib/armv7e-m/fpu/libg.a(lib_a-puts.o)
                0x0000000008003520                _puts_r
 .text.puts     0x0000000008003584       0x10 /usr/lib/gcc/arm-none-eabi/4.9.3/../../../arm-none-eabi/lib/armv7e-m/fpu/libg.a(lib_a-puts.o)
                0x0000000008003584                puts
 .text.strcasecmp
                0x0000000008003594       0x44 /usr/lib/gcc/arm-none-eabi/4.9.3/../../../arm-none-eabi/lib/armv7e-m/fpu/libg.a(lib_a-strcasecmp.o)
                0x0000000008003594                strcasecmp
 .text.strlen   0x00000000080035d8       0x5c /usr/lib/gcc/arm-none-eabi/4.9.3/../../../arm-none-eabi/lib/armv7e-m/fpu/libg.a(lib_a-strlen.o)
                0x00000000080035d8                strlen
 .text.strtok   0x0000000008003634       0x10 /usr/lib/gcc/arm-none-eabi/4.9.3/../../../arm-none-eabi/lib/armv7e-m/fpu/libg.a(lib_a-strtok.o)
                0x0000000008003634                strtok
 .text.__strtok_r
                0x0000000008003644       0x64 /usr/lib/gcc/arm-none-eabi/4.9.3/../../../arm-none-eabi/lib/armv7e-m/fpu/libg.a(lib_a-strtok_r.o)
                0x0000000008003644                __strtok_r
 .text._strtoul_r
                0x00000000080036a8      0x128 /usr/lib/gcc/arm-none-eabi/4.9.3/../../../arm-none-eabi/lib/armv7e-m/fpu/libg.a(lib_a-strtoul.o)
                0x00000000080036a8                _strtoul_r
 .text.strtoul  0x00000000080037d0       0x18 /usr/lib/gcc/arm-none-eabi/4.9.3/../../../arm-none-eabi/lib/armv7e-m/fpu/libg.a(lib_a-strtoul.o)
                0x00000000080037d0                strtoul
 .text.__register_exitproc
                0x00000000080037e8       0xa4 /usr/lib/gcc/arm-none-eabi/4.9.3/../../../arm-none-eabi/lib/armv7e-m/fpu/libg.a(lib_a-__atexit.o)
                0x00000000080037e8                __register_exitproc
 .text.startup.register_fini
                0x000000000800388c       0x14 /usr/lib/gcc/arm-none-eabi/4.9.3/../../../arm-none-eabi/lib/armv7e-m/fpu/libg.a(lib_a-__call_atexit.o)
 .text.__sflush_r
                0x00000000080038a0      0x154 /usr/lib/gcc/arm-none-eabi/4.9.3/../../../arm-none-eabi/lib/armv7e-m/fpu/libg.a(lib_a-fflush.o)
                0x00000000080038a0                __sflush_r
 .text._fflush_r
                0x00000000080039f4       0x2c /usr/lib/gcc/arm-none-eabi/4.9.3/../../../arm-none-eabi/lib/armv7e-m/fpu/libg.a(lib_a-fflush.o)
                0x00000000080039f4                _fflush_r
 .text._cleanup_r
                0x0000000008003a20        0xc /usr/lib/gcc/arm-none-eabi/4.9.3/../../../arm-none-eabi/lib/armv7e-m/fpu/libg.a(lib_a-findfp.o)
                0x0000000008003a20                _cleanup_r
 .text.__sinit.part.1
                0x0000000008003a2c       0xf0 /usr/lib/gcc/arm-none-eabi/4.9.3/../../../arm-none-eabi/lib/armv7e-m/fpu/libg.a(lib_a-findfp.o)
 .text.__sinit  0x0000000008003b1c        0xc /usr/lib/gcc/arm-none-eabi/4.9.3/../../../arm-none-eabi/lib/armv7e-m/fpu/libg.a(lib_a-findfp.o)
                0x0000000008003b1c                __sinit
 .text.__sfp_lock_acquire
                0x0000000008003b28        0x4 /usr/lib/gcc/arm-none-eabi/4.9.3/../../../arm-none-eabi/lib/armv7e-m/fpu/libg.a(lib_a-findfp.o)
                0x0000000008003b28                __sfp_lock_acquire
 .text.__sfp_lock_release
                0x0000000008003b2c        0x4 /usr/lib/gcc/arm-none-eabi/4.9.3/../../../arm-none-eabi/lib/armv7e-m/fpu/libg.a(lib_a-findfp.o)
                0x0000000008003b2c                __sfp_lock_release
 .text._malloc_trim_r
                0x0000000008003b30       0x9c /usr/lib/gcc/arm-none-eabi/4.9.3/../../../arm-none-eabi/lib/armv7e-m/fpu/libg.a(lib_a-freer.o)
                0x0000000008003b30                _malloc_trim_r
 .text._free_r  0x0000000008003bcc      0x1b0 /usr/lib/gcc/arm-none-eabi/4.9.3/../../../arm-none-eabi/lib/armv7e-m/fpu/libg.a(lib_a-freer.o)
                0x0000000008003bcc                _free_r
 .text.__sfvwrite_r
                0x0000000008003d7c      0x318 /usr/lib/gcc/arm-none-eabi/4.9.3/../../../arm-none-eabi/lib/armv7e-m/fpu/libg.a(lib_a-fvwrite.o)
                0x0000000008003d7c                __sfvwrite_r
 .text._fwalk_reent
                0x0000000008004094       0x54 /usr/lib/gcc/arm-none-eabi/4.9.3/../../../arm-none-eabi/lib/armv7e-m/fpu/libg.a(lib_a-fwalk.o)
                0x0000000008004094                _fwalk_reent
 .text.malloc   0x00000000080040e8       0x10 /usr/lib/gcc/arm-none-eabi/4.9.3/../../../arm-none-eabi/lib/armv7e-m/fpu/libg.a(lib_a-malloc.o)
                0x00000000080040e8                malloc
 .text._malloc_r
                0x00000000080040f8      0x524 /usr/lib/gcc/arm-none-eabi/4.9.3/../../../arm-none-eabi/lib/armv7e-m/fpu/libg.a(lib_a-mallocr.o)
                0x00000000080040f8                _malloc_r
 .text.memchr   0x000000000800461c       0x94 /usr/lib/gcc/arm-none-eabi/4.9.3/../../../arm-none-eabi/lib/armv7e-m/fpu/libg.a(lib_a-memchr.o)
                0x000000000800461c                memchr
 .text.memmove  0x00000000080046b0       0xc8 /usr/lib/gcc/arm-none-eabi/4.9.3/../../../arm-none-eabi/lib/armv7e-m/fpu/libg.a(lib_a-memmove.o)
                0x00000000080046b0                memmove
 .text.__malloc_lock
                0x0000000008004778        0x4 /usr/lib/gcc/arm-none-eabi/4.9.3/../../../arm-none-eabi/lib/armv7e-m/fpu/libg.a(lib_a-mlock.o)
                0x0000000008004778                __malloc_lock
 .text.__malloc_unlock
                0x000000000800477c        0x4 /usr/lib/gcc/arm-none-eabi/4.9.3/../../../arm-none-eabi/lib/armv7e-m/fpu/libg.a(lib_a-mlock.o)
                0x000000000800477c                __malloc_unlock
 .text._putc_r  0x0000000008004780       0x58 /usr/lib/gcc/arm-none-eabi/4.9.3/../../../arm-none-eabi/lib/armv7e-m/fpu/libg.a(lib_a-putc.o)
                0x0000000008004780                _putc_r
 .text._realloc_r
                0x00000000080047d8      0x3ec /usr/lib/gcc/arm-none-eabi/4.9.3/../../../arm-none-eabi/lib/armv7e-m/fpu/libg.a(lib_a-reallocr.o)
                0x00000000080047d8                _realloc_r
 .text.__sread  0x0000000008004bc4       0x24 /usr/lib/gcc/arm-none-eabi/4.9.3/../../../arm-none-eabi/lib/armv7e-m/fpu/libg.a(lib_a-stdio.o)
                0x0000000008004bc4                __sread
 .text.__swrite
                0x0000000008004be8       0x38 /usr/lib/gcc/arm-none-eabi/4.9.3/../../../arm-none-eabi/lib/armv7e-m/fpu/libg.a(lib_a-stdio.o)
                0x0000000008004be8                __swrite
 .text.__sseek  0x0000000008004c20       0x20 /usr/lib/gcc/arm-none-eabi/4.9.3/../../../arm-none-eabi/lib/armv7e-m/fpu/libg.a(lib_a-stdio.o)
                0x0000000008004c20                __sseek
 .text.__sclose
                0x0000000008004c40        0x8 /usr/lib/gcc/arm-none-eabi/4.9.3/../../../arm-none-eabi/lib/armv7e-m/fpu/libg.a(lib_a-stdio.o)
                0x0000000008004c40                __sclose
 .text.__swbuf_r
                0x0000000008004c48       0xa8 /usr/lib/gcc/arm-none-eabi/4.9.3/../../../arm-none-eabi/lib/armv7e-m/fpu/libg.a(lib_a-wbuf.o)
                0x0000000008004c48                __swbuf_r
 .text.__swsetup_r
                0x0000000008004cf0       0xc4 /usr/lib/gcc/arm-none-eabi/4.9.3/../../../arm-none-eabi/lib/armv7e-m/fpu/libg.a(lib_a-wsetup.o)
                0x0000000008004cf0                __swsetup_r
 .text._fclose_r
                0x0000000008004db4       0x84 /usr/lib/gcc/arm-none-eabi/4.9.3/../../../arm-none-eabi/lib/armv7e-m/fpu/libg.a(lib_a-fclose.o)
                0x0000000008004db4                _fclose_r
 .text.__smakebuf_r
                0x0000000008004e38       0xe0 /usr/lib/gcc/arm-none-eabi/4.9.3/../../../arm-none-eabi/lib/armv7e-m/fpu/libg.a(lib_a-makebuf.o)
                0x0000000008004e38                __smakebuf_r
 *(.glue_7)
 .glue_7        0x0000000008004f18        0x0 linker stubs
 *(.glue_7t)
 .glue_7t       0x0000000008004f18        0x0 linker stubs
 *(.eh_frame)
 .eh_frame      0x0000000008004f18        0x0 /usr/lib/gcc/arm-none-eabi/4.9.3/armv7e-m/fpu/crtbegin.o
 *(.init)
 .init          0x0000000008004f18        0x4 /usr/lib/gcc/arm-none-eabi/4.9.3/armv7e-m/fpu/crti.o
                0x0000000008004f18                _init
 .init          0x0000000008004f1c        0x8 /usr/lib/gcc/arm-none-eabi/4.9.3/armv7e-m/fpu/crtn.o
 *(.fini)
 .fini          0x0000000008004f24        0x4 /usr/lib/gcc/arm-none-eabi/4.9.3/armv7e-m/fpu/crti.o
                0x0000000008004f24                _fini
 .fini          0x0000000008004f28        0x8 /usr/lib/gcc/arm-none-eabi/4.9.3/armv7e-m/fpu/crtn.o
                0x0000000008004f30                . = ALIGN (0x4)
                0x0000000008004f30                _etext = .

.vfp11_veneer   0x0000000008004f30        0x0
 .vfp11_veneer  0x0000000008004f30        0x0 linker stubs

.v4_bx          0x0000000008004f30        0x0
 .v4_bx         0x0000000008004f30        0x0 linker stubs

.iplt           0x0000000008004f30        0x0
 .iplt          0x0000000008004f30        0x0 /usr/lib/gcc/arm-none-eabi/4.9.3/armv7e-m/fpu/crtbegin.o

.rodata         0x0000000008004f30    0x10464
                0x0000000008004f30                . = ALIGN (0x4)
 *(.rodata)
 *(.rodata*)
 .rodata.str1.1
                0x0000000008004f30       0x6b main.o
 .rodata.str1.1
                0x0000000008004f9b       0x4d monitor.o
 .rodata.str1.1
                0x0000000008004fe8        0x7 printf_stdarg.o
 .rodata.str1.1
                0x0000000008004fef       0xe4 parser.o
 .rodata.str1.1
                0x00000000080050d3      0x1fe dump.o
 .rodata.str1.1
                0x00000000080052d1       0xaa terminal.o
                                         0xac (size before relaxing)
 .rodata.str1.1
                0x000000000800537b      0x4b8 decoder/decoder.o
                                        0x4c0 (size before relaxing)
 *fill*         0x0000000008005833        0x1 
 .rodata.TIM1_CCER_fields
                0x0000000008005834       0xa0 decoder/STM32F30x_decoder.o
                0x0000000008005834                TIM1_CCER_fields
 .rodata.DMA1_registers
                0x00000000080058d4      0x174 decoder/STM32F30x_decoder.o
                0x00000000080058d4                DMA1_registers
 .rodata.SPI1_DR_fields
                0x0000000008005a48       0x10 decoder/STM32F30x_decoder.o
                0x0000000008005a48                SPI1_DR_fields
 .rodata.ADC1_2_CSR_fields
                0x0000000008005a58       0xb8 decoder/STM32F30x_decoder.o
                0x0000000008005a58                ADC1_2_CSR_fields
 .rodata.USB_FS_USB_EP3R_fields
                0x0000000008005b10       0x58 decoder/STM32F30x_decoder.o
                0x0000000008005b10                USB_FS_USB_EP3R_fields
 .rodata.GPIOB_PUPDR_fields
                0x0000000008005b68       0x88 decoder/STM32F30x_decoder.o
                0x0000000008005b68                GPIOB_PUPDR_fields
 .rodata.TSC_IOG8CR_fields
                0x0000000008005bf0       0x10 decoder/STM32F30x_decoder.o
                0x0000000008005bf0                TSC_IOG8CR_fields
 .rodata.TIM1_CCMR3_Output_fields
                0x0000000008005c00       0x58 decoder/STM32F30x_decoder.o
                0x0000000008005c00                TIM1_CCMR3_Output_fields
 .rodata.TIM1_SMCR_fields
                0x0000000008005c58       0x50 decoder/STM32F30x_decoder.o
                0x0000000008005c58                TIM1_SMCR_fields
 .rodata.RTC_SHIFTR_fields
                0x0000000008005ca8       0x18 decoder/STM32F30x_decoder.o
                0x0000000008005ca8                RTC_SHIFTR_fields
 .rodata.CAN_F24R1_fields
                0x0000000008005cc0      0x108 decoder/STM32F30x_decoder.o
                0x0000000008005cc0                CAN_F24R1_fields
 .rodata.RTC_TSDR_fields
                0x0000000008005dc8       0x30 decoder/STM32F30x_decoder.o
                0x0000000008005dc8                RTC_TSDR_fields
 .rodata.RTC_BKP22R_fields
                0x0000000008005df8       0x10 decoder/STM32F30x_decoder.o
                0x0000000008005df8                RTC_BKP22R_fields
 .rodata.TIM1_CCMR2_Output_fields
                0x0000000008005e08       0x68 decoder/STM32F30x_decoder.o
                0x0000000008005e08                TIM1_CCMR2_Output_fields
 .rodata.TIM17_RCR_fields
                0x0000000008005e70       0x10 decoder/STM32F30x_decoder.o
                0x0000000008005e70                TIM17_RCR_fields
 .rodata.EXTI_EMR1_fields
                0x0000000008005e80      0x108 decoder/STM32F30x_decoder.o
                0x0000000008005e80                EXTI_EMR1_fields
 .rodata.CAN_F11R2_fields
                0x0000000008005f88      0x108 decoder/STM32F30x_decoder.o
                0x0000000008005f88                CAN_F11R2_fields
 .rodata.USB_FS_ISTR_fields
                0x0000000008006090       0x58 decoder/STM32F30x_decoder.o
                0x0000000008006090                USB_FS_ISTR_fields
 .rodata.I2C1_ICR_fields
                0x00000000080060e8       0x50 decoder/STM32F30x_decoder.o
                0x00000000080060e8                I2C1_ICR_fields
 .rodata.TIM16_ARR_fields
                0x0000000008006138       0x10 decoder/STM32F30x_decoder.o
                0x0000000008006138                TIM16_ARR_fields
 .rodata.RTC_ISR_fields
                0x0000000008006148       0x90 decoder/STM32F30x_decoder.o
                0x0000000008006148                RTC_ISR_fields
 .rodata.RTC_BKP27R_fields
                0x00000000080061d8       0x10 decoder/STM32F30x_decoder.o
                0x00000000080061d8                RTC_BKP27R_fields
 .rodata.TIM8_CCR6_fields
                0x00000000080061e8       0x10 decoder/STM32F30x_decoder.o
                0x00000000080061e8                TIM8_CCR6_fields
 .rodata.TIM17_BDTR_fields
                0x00000000080061f8       0x50 decoder/STM32F30x_decoder.o
                0x00000000080061f8                TIM17_BDTR_fields
 .rodata.TIM8_CCMR1_Input_fields
                0x0000000008006248       0x38 decoder/STM32F30x_decoder.o
                0x0000000008006248                TIM8_CCMR1_Input_fields
 .rodata.DAC_registers
                0x0000000008006280       0xb4 decoder/STM32F30x_decoder.o
                0x0000000008006280                DAC_registers
 .rodata.IWDG_WINR_fields
                0x0000000008006334       0x10 decoder/STM32F30x_decoder.o
                0x0000000008006334                IWDG_WINR_fields
 .rodata.CAN_F19R2_fields
                0x0000000008006344      0x108 decoder/STM32F30x_decoder.o
                0x0000000008006344                CAN_F19R2_fields
 .rodata.CAN_RF1R_fields
                0x000000000800644c       0x28 decoder/STM32F30x_decoder.o
                0x000000000800644c                CAN_RF1R_fields
 .rodata.RTC_BKP16R_fields
                0x0000000008006474       0x10 decoder/STM32F30x_decoder.o
                0x0000000008006474                RTC_BKP16R_fields
 .rodata.RTC_CALR_fields
                0x0000000008006484       0x28 decoder/STM32F30x_decoder.o
                0x0000000008006484                RTC_CALR_fields
 .rodata.TIM2_SR_fields
                0x00000000080064ac       0x58 decoder/STM32F30x_decoder.o
                0x00000000080064ac                TIM2_SR_fields
 .rodata.SYSCFG_EXTICR2_fields
                0x0000000008006504       0x28 decoder/STM32F30x_decoder.o
                0x0000000008006504                SYSCFG_EXTICR2_fields
 .rodata.CAN_MCR_fields
                0x000000000800652c       0x58 decoder/STM32F30x_decoder.o
                0x000000000800652c                CAN_MCR_fields
 .rodata.TIM17_SR_fields
                0x0000000008006584       0x38 decoder/STM32F30x_decoder.o
                0x0000000008006584                TIM17_SR_fields
 .rodata.USART1_GTPR_fields
                0x00000000080065bc       0x18 decoder/STM32F30x_decoder.o
                0x00000000080065bc                USART1_GTPR_fields
 .rodata.DAC_DOR1_fields
                0x00000000080065d4       0x10 decoder/STM32F30x_decoder.o
                0x00000000080065d4                DAC_DOR1_fields
 .rodata.CAN_F1R1_fields
                0x00000000080065e4      0x108 decoder/STM32F30x_decoder.o
                0x00000000080065e4                CAN_F1R1_fields
 .rodata.CAN_FA1R_fields
                0x00000000080066ec       0xe8 decoder/STM32F30x_decoder.o
                0x00000000080066ec                CAN_FA1R_fields
 .rodata.RTC_BKP6R_fields
                0x00000000080067d4       0x10 decoder/STM32F30x_decoder.o
                0x00000000080067d4                RTC_BKP6R_fields
 .rodata.RCC_CFGR_fields
                0x00000000080067e4       0x68 decoder/STM32F30x_decoder.o
                0x00000000080067e4                RCC_CFGR_fields
 .rodata.PWR_CR_fields
                0x000000000800684c       0x40 decoder/STM32F30x_decoder.o
                0x000000000800684c                PWR_CR_fields
 .rodata.NVIC_ISER0_fields
                0x000000000800688c       0x10 decoder/STM32F30x_decoder.o
                0x000000000800688c                NVIC_ISER0_fields
 .rodata.DMA1_CPAR7_fields
                0x000000000800689c       0x10 decoder/STM32F30x_decoder.o
                0x000000000800689c                DMA1_CPAR7_fields
 .rodata.TSC_IOHCR_fields
                0x00000000080068ac      0x108 decoder/STM32F30x_decoder.o
                0x00000000080068ac                TSC_IOHCR_fields
 .rodata.CAN_F27R1_fields
                0x00000000080069b4      0x108 decoder/STM32F30x_decoder.o
                0x00000000080069b4                CAN_F27R1_fields
 .rodata.TIM6_ARR_fields
                0x0000000008006abc       0x10 decoder/STM32F30x_decoder.o
                0x0000000008006abc                TIM6_ARR_fields
 .rodata.CAN_F12R1_fields
                0x0000000008006acc      0x108 decoder/STM32F30x_decoder.o
                0x0000000008006acc                CAN_F12R1_fields
 .rodata.TIM15_DCR_fields
                0x0000000008006bd4       0x18 decoder/STM32F30x_decoder.o
                0x0000000008006bd4                TIM15_DCR_fields
 .rodata.NVIC_IPR18_fields
                0x0000000008006bec       0x28 decoder/STM32F30x_decoder.o
                0x0000000008006bec                NVIC_IPR18_fields
 .rodata.RTC_BKP13R_fields
                0x0000000008006c14       0x10 decoder/STM32F30x_decoder.o
                0x0000000008006c14                RTC_BKP13R_fields
 .rodata.CAN_BTR_fields
                0x0000000008006c24       0x38 decoder/STM32F30x_decoder.o
                0x0000000008006c24                CAN_BTR_fields
 .rodata.TIM15_BDTR_fields
                0x0000000008006c5c       0x50 decoder/STM32F30x_decoder.o
                0x0000000008006c5c                TIM15_BDTR_fields
 .rodata.NVIC_IPR1_fields
                0x0000000008006cac       0x28 decoder/STM32F30x_decoder.o
                0x0000000008006cac                NVIC_IPR1_fields
 .rodata.TIM15_PSC_fields
                0x0000000008006cd4       0x10 decoder/STM32F30x_decoder.o
                0x0000000008006cd4                TIM15_PSC_fields
 .rodata.Flash_ACR_fields
                0x0000000008006ce4       0x20 decoder/STM32F30x_decoder.o
                0x0000000008006ce4                Flash_ACR_fields
 .rodata.TIM17_CCMR1_Output_fields
                0x0000000008006d04       0x30 decoder/STM32F30x_decoder.o
                0x0000000008006d04                TIM17_CCMR1_Output_fields
 .rodata.TIM2_ARR_fields
                0x0000000008006d34       0x18 decoder/STM32F30x_decoder.o
                0x0000000008006d34                TIM2_ARR_fields
 .rodata.Flash_registers
                0x0000000008006d4c       0x6c decoder/STM32F30x_decoder.o
                0x0000000008006d4c                Flash_registers
 .rodata.CAN_TDH0R_fields
                0x0000000008006db8       0x28 decoder/STM32F30x_decoder.o
                0x0000000008006db8                CAN_TDH0R_fields
 .rodata.TIM1_DCR_fields
                0x0000000008006de0       0x18 decoder/STM32F30x_decoder.o
                0x0000000008006de0                TIM1_DCR_fields
 .rodata.CAN_TI2R_fields
                0x0000000008006df8       0x30 decoder/STM32F30x_decoder.o
                0x0000000008006df8                CAN_TI2R_fields
 .rodata.ADC1_IER_fields
                0x0000000008006e28       0x60 decoder/STM32F30x_decoder.o
                0x0000000008006e28                ADC1_IER_fields
 .rodata.NVIC_ICPR2_fields
                0x0000000008006e88       0x10 decoder/STM32F30x_decoder.o
                0x0000000008006e88                NVIC_ICPR2_fields
 .rodata.EXTI_IMR1_fields
                0x0000000008006e98      0x108 decoder/STM32F30x_decoder.o
                0x0000000008006e98                EXTI_IMR1_fields
 .rodata.TSC_IOASCR_fields
                0x0000000008006fa0      0x108 decoder/STM32F30x_decoder.o
                0x0000000008006fa0                TSC_IOASCR_fields
 .rodata.RCC_CFGR2_fields
                0x00000000080070a8       0x20 decoder/STM32F30x_decoder.o
                0x00000000080070a8                RCC_CFGR2_fields
 .rodata.TIM1_PSC_fields
                0x00000000080070c8       0x10 decoder/STM32F30x_decoder.o
                0x00000000080070c8                TIM1_PSC_fields
 .rodata.Flash_KEYR_fields
                0x00000000080070d8       0x10 decoder/STM32F30x_decoder.o
                0x00000000080070d8                Flash_KEYR_fields
 .rodata.TIM8_CR2_fields
                0x00000000080070e8       0x80 decoder/STM32F30x_decoder.o
                0x00000000080070e8                TIM8_CR2_fields
 .rodata.ADC1_CFGR_fields
                0x0000000008007168       0xa0 decoder/STM32F30x_decoder.o
                0x0000000008007168                ADC1_CFGR_fields
 .rodata.TIM17_EGR_fields
                0x0000000008007208       0x30 decoder/STM32F30x_decoder.o
                0x0000000008007208                TIM17_EGR_fields
 .rodata.TSC_IOGCSR_fields
                0x0000000008007238       0x88 decoder/STM32F30x_decoder.o
                0x0000000008007238                TSC_IOGCSR_fields
 .rodata.NVIC_IPR0_fields
                0x00000000080072c0       0x28 decoder/STM32F30x_decoder.o
                0x00000000080072c0                NVIC_IPR0_fields
 .rodata.NVIC_IPR8_fields
                0x00000000080072e8       0x28 decoder/STM32F30x_decoder.o
                0x00000000080072e8                NVIC_IPR8_fields
 .rodata.RTC_WUTR_fields
                0x0000000008007310       0x10 decoder/STM32F30x_decoder.o
                0x0000000008007310                RTC_WUTR_fields
 .rodata.GPIOB_OSPEEDR_fields
                0x0000000008007320       0x88 decoder/STM32F30x_decoder.o
                0x0000000008007320                GPIOB_OSPEEDR_fields
 .rodata.ADC1_ISR_fields
                0x00000000080073a8       0x60 decoder/STM32F30x_decoder.o
                0x00000000080073a8                ADC1_ISR_fields
 .rodata.NVIC_ICER1_fields
                0x0000000008007408       0x10 decoder/STM32F30x_decoder.o
                0x0000000008007408                NVIC_ICER1_fields
 .rodata.RTC_BKP7R_fields
                0x0000000008007418       0x10 decoder/STM32F30x_decoder.o
                0x0000000008007418                RTC_BKP7R_fields
 .rodata.CAN_RF0R_fields
                0x0000000008007428       0x28 decoder/STM32F30x_decoder.o
                0x0000000008007428                CAN_RF0R_fields
 .rodata.CAN_FS1R_fields
                0x0000000008007450       0xe8 decoder/STM32F30x_decoder.o
                0x0000000008007450                CAN_FS1R_fields
 .rodata.GPIOA_AFRL_fields
                0x0000000008007538       0x48 decoder/STM32F30x_decoder.o
                0x0000000008007538                GPIOA_AFRL_fields
 .rodata.DMA1_CMAR3_fields
                0x0000000008007580       0x10 decoder/STM32F30x_decoder.o
                0x0000000008007580                DMA1_CMAR3_fields
 .rodata.ADC1_SQR1_fields
                0x0000000008007590       0x30 decoder/STM32F30x_decoder.o
                0x0000000008007590                ADC1_SQR1_fields
 .rodata.CAN_F15R2_fields
                0x00000000080075c0      0x108 decoder/STM32F30x_decoder.o
                0x00000000080075c0                CAN_F15R2_fields
 .rodata.IWDG_PR_fields
                0x00000000080076c8       0x10 decoder/STM32F30x_decoder.o
                0x00000000080076c8                IWDG_PR_fields
 .rodata.TIM2_DMAR_fields
                0x00000000080076d8       0x10 decoder/STM32F30x_decoder.o
                0x00000000080076d8                TIM2_DMAR_fields
 .rodata.I2C1_TIMEOUTR_fields
                0x00000000080076e8       0x30 decoder/STM32F30x_decoder.o
                0x00000000080076e8                I2C1_TIMEOUTR_fields
 .rodata.GPIOB_LCKR_fields
                0x0000000008007718       0x90 decoder/STM32F30x_decoder.o
                0x0000000008007718                GPIOB_LCKR_fields
 .rodata.DAC_DHR8R1_fields
                0x00000000080077a8       0x10 decoder/STM32F30x_decoder.o
                0x00000000080077a8                DAC_DHR8R1_fields
 .rodata.TIM1_CCMR1_Output_fields
                0x00000000080077b8       0x68 decoder/STM32F30x_decoder.o
                0x00000000080077b8                TIM1_CCMR1_Output_fields
 .rodata.TIM1_CCR2_fields
                0x0000000008007820       0x10 decoder/STM32F30x_decoder.o
                0x0000000008007820                TIM1_CCR2_fields
 .rodata.TIM1_OR_fields
                0x0000000008007830       0x18 decoder/STM32F30x_decoder.o
                0x0000000008007830                TIM1_OR_fields
 .rodata.USART1_TDR_fields
                0x0000000008007848       0x10 decoder/STM32F30x_decoder.o
                0x0000000008007848                USART1_TDR_fields
 .rodata.NVIC_STIR_fields
                0x0000000008007858       0x10 decoder/STM32F30x_decoder.o
                0x0000000008007858                NVIC_STIR_fields
 .rodata.USB_FS_USB_EP7R_fields
                0x0000000008007868       0x58 decoder/STM32F30x_decoder.o
                0x0000000008007868                USB_FS_USB_EP7R_fields
 .rodata.ADC1_SQR4_fields
                0x00000000080078c0       0x18 decoder/STM32F30x_decoder.o
                0x00000000080078c0                ADC1_SQR4_fields
 .rodata.SYSCFG_registers
                0x00000000080078d8       0x60 decoder/STM32F30x_decoder.o
                0x00000000080078d8                SYSCFG_registers
 .rodata.PWR_CSR_fields
                0x0000000008007938       0x30 decoder/STM32F30x_decoder.o
                0x0000000008007938                PWR_CSR_fields
 .rodata.GPIOB_AFRH_fields
                0x0000000008007968       0x48 decoder/STM32F30x_decoder.o
                0x0000000008007968                GPIOB_AFRH_fields
 .rodata.FPU_FPCCR_fields
                0x00000000080079b0       0x50 decoder/STM32F30x_decoder.o
                0x00000000080079b0                FPU_FPCCR_fields
 .rodata.DBGMCU_APB2FZ_fields
                0x0000000008007a00       0x28 decoder/STM32F30x_decoder.o
                0x0000000008007a00                DBGMCU_APB2FZ_fields
 .rodata.TIM8_CCR1_fields
                0x0000000008007a28       0x10 decoder/STM32F30x_decoder.o
                0x0000000008007a28                TIM8_CCR1_fields
 .rodata.WWDG_SR_fields
                0x0000000008007a38       0x10 decoder/STM32F30x_decoder.o
                0x0000000008007a38                WWDG_SR_fields
 .rodata.TIM16_DIER_fields
                0x0000000008007a48       0x50 decoder/STM32F30x_decoder.o
                0x0000000008007a48                TIM16_DIER_fields
 .rodata.TIM1_CCR5_fields
                0x0000000008007a98       0x28 decoder/STM32F30x_decoder.o
                0x0000000008007a98                TIM1_CCR5_fields
 .rodata.TIM8_BDTR_fields
                0x0000000008007ac0       0x68 decoder/STM32F30x_decoder.o
                0x0000000008007ac0                TIM8_BDTR_fields
 .rodata.Flash_CR_fields
                0x0000000008007b28       0x60 decoder/STM32F30x_decoder.o
                0x0000000008007b28                Flash_CR_fields
 .rodata.RTC_BKP26R_fields
                0x0000000008007b88       0x10 decoder/STM32F30x_decoder.o
                0x0000000008007b88                RTC_BKP26R_fields
 .rodata.Flash_OBR_fields
                0x0000000008007b98       0x60 decoder/STM32F30x_decoder.o
                0x0000000008007b98                Flash_OBR_fields
 .rodata.ADC1_AWD2CR_fields
                0x0000000008007bf8       0x10 decoder/STM32F30x_decoder.o
                0x0000000008007bf8                ADC1_AWD2CR_fields
 .rodata.FPU_registers
                0x0000000008007c08       0x54 decoder/STM32F30x_decoder.o
                0x0000000008007c08                FPU_registers
 .rodata.DAC_CR_fields
                0x0000000008007c5c       0x88 decoder/STM32F30x_decoder.o
                0x0000000008007c5c                DAC_CR_fields
 .rodata.NVIC_IPR10_fields
                0x0000000008007ce4       0x28 decoder/STM32F30x_decoder.o
                0x0000000008007ce4                NVIC_IPR10_fields
 .rodata.TIM15_CCR1_fields
                0x0000000008007d0c       0x10 decoder/STM32F30x_decoder.o
                0x0000000008007d0c                TIM15_CCR1_fields
 .rodata.RTC_ALRMAR_fields
                0x0000000008007d1c       0x78 decoder/STM32F30x_decoder.o
                0x0000000008007d1c                RTC_ALRMAR_fields
 .rodata.GPIOA_BSRR_fields
                0x0000000008007d94      0x108 decoder/STM32F30x_decoder.o
                0x0000000008007d94                GPIOA_BSRR_fields
 .rodata.TIM16_SR_fields
                0x0000000008007e9c       0x38 decoder/STM32F30x_decoder.o
                0x0000000008007e9c                TIM16_SR_fields
 .rodata.CAN_F6R1_fields
                0x0000000008007ed4      0x108 decoder/STM32F30x_decoder.o
                0x0000000008007ed4                CAN_F6R1_fields
 .rodata.ADC1_OFR1_fields
                0x0000000008007fdc       0x20 decoder/STM32F30x_decoder.o
                0x0000000008007fdc                ADC1_OFR1_fields
 .rodata.TIM15_CR1_fields
                0x0000000008007ffc       0x40 decoder/STM32F30x_decoder.o
                0x0000000008007ffc                TIM15_CR1_fields
 .rodata.NVIC_IABR2_fields
                0x000000000800803c       0x10 decoder/STM32F30x_decoder.o
                0x000000000800803c                NVIC_IABR2_fields
 .rodata.DMA1_CCR2_fields
                0x000000000800804c       0x68 decoder/STM32F30x_decoder.o
                0x000000000800804c                DMA1_CCR2_fields
 .rodata.NVIC_IPR13_fields
                0x00000000080080b4       0x28 decoder/STM32F30x_decoder.o
                0x00000000080080b4                NVIC_IPR13_fields
 .rodata.CAN_F22R2_fields
                0x00000000080080dc      0x108 decoder/STM32F30x_decoder.o
                0x00000000080080dc                CAN_F22R2_fields
 .rodata.CAN_F0R2_fields
                0x00000000080081e4      0x108 decoder/STM32F30x_decoder.o
                0x00000000080081e4                CAN_F0R2_fields
 .rodata.RTC_BKP0R_fields
                0x00000000080082ec       0x10 decoder/STM32F30x_decoder.o
                0x00000000080082ec                RTC_BKP0R_fields
 .rodata.CAN_F19R1_fields
                0x00000000080082fc      0x108 decoder/STM32F30x_decoder.o
                0x00000000080082fc                CAN_F19R1_fields
 .rodata.DMA1_IFCR_fields
                0x0000000008008404       0xe8 decoder/STM32F30x_decoder.o
                0x0000000008008404                DMA1_IFCR_fields
 .rodata.TIM16_CCMR1_Input_fields
                0x00000000080084ec       0x20 decoder/STM32F30x_decoder.o
                0x00000000080084ec                TIM16_CCMR1_Input_fields
 .rodata.TIM2_SMCR_fields
                0x000000000800850c       0x50 decoder/STM32F30x_decoder.o
                0x000000000800850c                TIM2_SMCR_fields
 .rodata.CAN_TDT1R_fields
                0x000000000800855c       0x20 decoder/STM32F30x_decoder.o
                0x000000000800855c                CAN_TDT1R_fields
 .rodata.COMP_COMP6_CSR_fields
                0x000000000800857c       0x60 decoder/STM32F30x_decoder.o
                0x000000000800857c                COMP_COMP6_CSR_fields
 .rodata.I2C1_CR2_fields
                0x00000000080085dc       0x70 decoder/STM32F30x_decoder.o
                0x00000000080085dc                I2C1_CR2_fields
 .rodata.TIM1_CR1_fields
                0x000000000800864c       0x50 decoder/STM32F30x_decoder.o
                0x000000000800864c                TIM1_CR1_fields
 .rodata.CAN_F26R2_fields
                0x000000000800869c      0x108 decoder/STM32F30x_decoder.o
                0x000000000800869c                CAN_F26R2_fields
 .rodata.RTC_BKP10R_fields
                0x00000000080087a4       0x10 decoder/STM32F30x_decoder.o
                0x00000000080087a4                RTC_BKP10R_fields
 .rodata.DMA1_CMAR6_fields
                0x00000000080087b4       0x10 decoder/STM32F30x_decoder.o
                0x00000000080087b4                DMA1_CMAR6_fields
 .rodata.CAN_F23R1_fields
                0x00000000080087c4      0x108 decoder/STM32F30x_decoder.o
                0x00000000080087c4                CAN_F23R1_fields
 .rodata.NVIC_IPR20_fields
                0x00000000080088cc       0x28 decoder/STM32F30x_decoder.o
                0x00000000080088cc                NVIC_IPR20_fields
 .rodata.ADC1_DR_fields
                0x00000000080088f4       0x10 decoder/STM32F30x_decoder.o
                0x00000000080088f4                ADC1_DR_fields
 .rodata.CAN_F16R1_fields
                0x0000000008008904      0x108 decoder/STM32F30x_decoder.o
                0x0000000008008904                CAN_F16R1_fields
 .rodata.TSC_registers
                0x0000000008008a0c       0xd8 decoder/STM32F30x_decoder.o
                0x0000000008008a0c                TSC_registers
 .rodata.ADC1_registers
                0x0000000008008ae4      0x150 decoder/STM32F30x_decoder.o
                0x0000000008008ae4                ADC1_registers
 .rodata.TIM17_CR2_fields
                0x0000000008008c34       0x30 decoder/STM32F30x_decoder.o
                0x0000000008008c34                TIM17_CR2_fields
 .rodata.PWR_registers
                0x0000000008008c64       0x24 decoder/STM32F30x_decoder.o
                0x0000000008008c64                PWR_registers
 .rodata.TIM8_ARR_fields
                0x0000000008008c88       0x10 decoder/STM32F30x_decoder.o
                0x0000000008008c88                TIM8_ARR_fields
 .rodata.EXTI_RTSR1_fields
                0x0000000008008c98       0xd8 decoder/STM32F30x_decoder.o
                0x0000000008008c98                EXTI_RTSR1_fields
 .rodata.RCC_APB2ENR_fields
                0x0000000008008d70       0x48 decoder/STM32F30x_decoder.o
                0x0000000008008d70                RCC_APB2ENR_fields
 .rodata.NVIC_IPR3_fields
                0x0000000008008db8       0x28 decoder/STM32F30x_decoder.o
                0x0000000008008db8                NVIC_IPR3_fields
 .rodata.I2C1_TIMINGR_fields
                0x0000000008008de0       0x30 decoder/STM32F30x_decoder.o
                0x0000000008008de0                I2C1_TIMINGR_fields
 .rodata.USART1_CR1_fields
                0x0000000008008e10       0xa8 decoder/STM32F30x_decoder.o
                0x0000000008008e10                USART1_CR1_fields
 .rodata.CAN_F13R1_fields
                0x0000000008008eb8      0x108 decoder/STM32F30x_decoder.o
                0x0000000008008eb8                CAN_F13R1_fields
 .rodata.RCC_CSR_fields
                0x0000000008008fc0       0x58 decoder/STM32F30x_decoder.o
                0x0000000008008fc0                RCC_CSR_fields
 .rodata.GPIOB_BSRR_fields
                0x0000000008009018      0x108 decoder/STM32F30x_decoder.o
                0x0000000008009018                GPIOB_BSRR_fields
 .rodata.DES_UID0_fields
                0x0000000008009120       0x18 decoder/STM32F30x_decoder.o
                0x0000000008009120                DES_UID0_fields
 .rodata.NVIC_IABR0_fields
                0x0000000008009138       0x10 decoder/STM32F30x_decoder.o
                0x0000000008009138                NVIC_IABR0_fields
 .rodata.TIM2_EGR_fields
                0x0000000008009148       0x38 decoder/STM32F30x_decoder.o
                0x0000000008009148                TIM2_EGR_fields
 .rodata.USART1_CR3_fields
                0x0000000008009180       0xa0 decoder/STM32F30x_decoder.o
                0x0000000008009180                USART1_CR3_fields
 .rodata.TIM2_DIER_fields
                0x0000000008009220       0x68 decoder/STM32F30x_decoder.o
                0x0000000008009220                TIM2_DIER_fields
 .rodata.CAN_MSR_fields
                0x0000000008009288       0x50 decoder/STM32F30x_decoder.o
                0x0000000008009288                CAN_MSR_fields
 .rodata.DAC_DHR12L1_fields
                0x00000000080092d8       0x10 decoder/STM32F30x_decoder.o
                0x00000000080092d8                DAC_DHR12L1_fields
 .rodata.FPU_MVFR0_fields
                0x00000000080092e8       0x48 decoder/STM32F30x_decoder.o
                0x00000000080092e8                FPU_MVFR0_fields
 .rodata.SPI1_CR1_fields
                0x0000000008009330       0x78 decoder/STM32F30x_decoder.o
                0x0000000008009330                SPI1_CR1_fields
 .rodata.EXTI_registers
                0x00000000080093a8       0x9c decoder/STM32F30x_decoder.o
                0x00000000080093a8                EXTI_registers
 .rodata.USB_FS_DADDR_fields
                0x0000000008009444       0x48 decoder/STM32F30x_decoder.o
                0x0000000008009444                USB_FS_DADDR_fields
 .rodata.RTC_BKP8R_fields
                0x000000000800948c       0x10 decoder/STM32F30x_decoder.o
                0x000000000800948c                RTC_BKP8R_fields
 .rodata.CAN_F2R1_fields
                0x000000000800949c      0x108 decoder/STM32F30x_decoder.o
                0x000000000800949c                CAN_F2R1_fields
 .rodata.TIM8_CCR4_fields
                0x00000000080095a4       0x10 decoder/STM32F30x_decoder.o
                0x00000000080095a4                TIM8_CCR4_fields
 .rodata.USB_FS_USB_EP4R_fields
                0x00000000080095b4       0x58 decoder/STM32F30x_decoder.o
                0x00000000080095b4                USB_FS_USB_EP4R_fields
 .rodata.TIM8_CNT_fields
                0x000000000800960c       0x18 decoder/STM32F30x_decoder.o
                0x000000000800960c                TIM8_CNT_fields
 .rodata.RTC_PRER_fields
                0x0000000008009624       0x18 decoder/STM32F30x_decoder.o
                0x0000000008009624                RTC_PRER_fields
 .rodata.TIM1_SR_fields
                0x000000000800963c       0x80 decoder/STM32F30x_decoder.o
                0x000000000800963c                TIM1_SR_fields
 .rodata.DMA1_CPAR2_fields
                0x00000000080096bc       0x10 decoder/STM32F30x_decoder.o
                0x00000000080096bc                DMA1_CPAR2_fields
 .rodata.NVIC_IPR15_fields
                0x00000000080096cc       0x28 decoder/STM32F30x_decoder.o
                0x00000000080096cc                NVIC_IPR15_fields
 .rodata.TSC_CR_fields
                0x00000000080096f4       0x68 decoder/STM32F30x_decoder.o
                0x00000000080096f4                TSC_CR_fields
 .rodata.SPI1_SR_fields
                0x000000000800975c       0x60 decoder/STM32F30x_decoder.o
                0x000000000800975c                SPI1_SR_fields
 .rodata.ADC1_JDR3_fields
                0x00000000080097bc       0x10 decoder/STM32F30x_decoder.o
                0x00000000080097bc                ADC1_JDR3_fields
 .rodata.NVIC_ICTR_fields
                0x00000000080097cc       0x10 decoder/STM32F30x_decoder.o
                0x00000000080097cc                NVIC_ICTR_fields
 .rodata.RTC_BKP30R_fields
                0x00000000080097dc       0x10 decoder/STM32F30x_decoder.o
                0x00000000080097dc                RTC_BKP30R_fields
 .rodata.RTC_BKP23R_fields
                0x00000000080097ec       0x10 decoder/STM32F30x_decoder.o
                0x00000000080097ec                RTC_BKP23R_fields
 .rodata.I2C1_OAR2_fields
                0x00000000080097fc       0x20 decoder/STM32F30x_decoder.o
                0x00000000080097fc                I2C1_OAR2_fields
 .rodata.DMA1_CNDTR3_fields
                0x000000000800981c       0x10 decoder/STM32F30x_decoder.o
                0x000000000800981c                DMA1_CNDTR3_fields
 .rodata.RTC_registers
                0x000000000800982c      0x264 decoder/STM32F30x_decoder.o
                0x000000000800982c                RTC_registers
 .rodata.CAN_F2R2_fields
                0x0000000008009a90      0x108 decoder/STM32F30x_decoder.o
                0x0000000008009a90                CAN_F2R2_fields
 .rodata.NVIC_ISPR2_fields
                0x0000000008009b98       0x10 decoder/STM32F30x_decoder.o
                0x0000000008009b98                NVIC_ISPR2_fields
 .rodata.DMA1_CPAR5_fields
                0x0000000008009ba8       0x10 decoder/STM32F30x_decoder.o
                0x0000000008009ba8                DMA1_CPAR5_fields
 .rodata.TIM2_CCR4_fields
                0x0000000008009bb8       0x18 decoder/STM32F30x_decoder.o
                0x0000000008009bb8                TIM2_CCR4_fields
 .rodata.GPIOB_IDR_fields
                0x0000000008009bd0       0x88 decoder/STM32F30x_decoder.o
                0x0000000008009bd0                GPIOB_IDR_fields
 .rodata.ADC1_OFR4_fields
                0x0000000008009c58       0x20 decoder/STM32F30x_decoder.o
                0x0000000008009c58                ADC1_OFR4_fields
 .rodata.CAN_RI1R_fields
                0x0000000008009c78       0x28 decoder/STM32F30x_decoder.o
                0x0000000008009c78                CAN_RI1R_fields
 .rodata.CAN_F18R1_fields
                0x0000000008009ca0      0x108 decoder/STM32F30x_decoder.o
                0x0000000008009ca0                CAN_F18R1_fields
 .rodata.TSC_IOG5CR_fields
                0x0000000008009da8       0x10 decoder/STM32F30x_decoder.o
                0x0000000008009da8                TSC_IOG5CR_fields
 .rodata.DAC_DOR2_fields
                0x0000000008009db8       0x10 decoder/STM32F30x_decoder.o
                0x0000000008009db8                DAC_DOR2_fields
 .rodata.DMA1_CCR5_fields
                0x0000000008009dc8       0x68 decoder/STM32F30x_decoder.o
                0x0000000008009dc8                DMA1_CCR5_fields
 .rodata.DMA1_CNDTR6_fields
                0x0000000008009e30       0x10 decoder/STM32F30x_decoder.o
                0x0000000008009e30                DMA1_CNDTR6_fields
 .rodata.EXTI_SWIER2_fields
                0x0000000008009e40       0x18 decoder/STM32F30x_decoder.o
                0x0000000008009e40                EXTI_SWIER2_fields
 .rodata.CAN_RDH0R_fields
                0x0000000008009e58       0x28 decoder/STM32F30x_decoder.o
                0x0000000008009e58                CAN_RDH0R_fields
 .rodata.TIM6_PSC_fields
                0x0000000008009e80       0x10 decoder/STM32F30x_decoder.o
                0x0000000008009e80                TIM6_PSC_fields
 .rodata.CAN_TSR_fields
                0x0000000008009e90       0xb8 decoder/STM32F30x_decoder.o
                0x0000000008009e90                CAN_TSR_fields
 .rodata.CAN_TDL0R_fields
                0x0000000008009f48       0x28 decoder/STM32F30x_decoder.o
                0x0000000008009f48                CAN_TDL0R_fields
 .rodata.CAN_F5R2_fields
                0x0000000008009f70      0x108 decoder/STM32F30x_decoder.o
                0x0000000008009f70                CAN_F5R2_fields
 .rodata.TSC_IOG1CR_fields
                0x000000000800a078       0x10 decoder/STM32F30x_decoder.o
                0x000000000800a078                TSC_IOG1CR_fields
 .rodata.CAN_F11R1_fields
                0x000000000800a088      0x108 decoder/STM32F30x_decoder.o
                0x000000000800a088                CAN_F11R1_fields
 .rodata.TIM6_CR2_fields
                0x000000000800a190       0x10 decoder/STM32F30x_decoder.o
                0x000000000800a190                TIM6_CR2_fields
 .rodata.CAN_F25R1_fields
                0x000000000800a1a0      0x108 decoder/STM32F30x_decoder.o
                0x000000000800a1a0                CAN_F25R1_fields
 .rodata.CAN_RDL0R_fields
                0x000000000800a2a8       0x28 decoder/STM32F30x_decoder.o
                0x000000000800a2a8                CAN_RDL0R_fields
 .rodata.USART1_registers
                0x000000000800a2d0       0x90 decoder/STM32F30x_decoder.o
                0x000000000800a2d0                USART1_registers
 .rodata.DAC_SWTRIGR_fields
                0x000000000800a360       0x18 decoder/STM32F30x_decoder.o
                0x000000000800a360                DAC_SWTRIGR_fields
 .rodata.CAN_F12R2_fields
                0x000000000800a378      0x108 decoder/STM32F30x_decoder.o
                0x000000000800a378                CAN_F12R2_fields
 .rodata.RTC_BKP4R_fields
                0x000000000800a480       0x10 decoder/STM32F30x_decoder.o
                0x000000000800a480                RTC_BKP4R_fields
 .rodata.RTC_TAFCR_fields
                0x000000000800a490       0x98 decoder/STM32F30x_decoder.o
                0x000000000800a490                RTC_TAFCR_fields
 .rodata.TIM17_ARR_fields
                0x000000000800a528       0x10 decoder/STM32F30x_decoder.o
                0x000000000800a528                TIM17_ARR_fields
 .rodata.CAN_F16R2_fields
                0x000000000800a538      0x108 decoder/STM32F30x_decoder.o
                0x000000000800a538                CAN_F16R2_fields
 .rodata.USART1_ICR_fields
                0x000000000800a640       0x68 decoder/STM32F30x_decoder.o
                0x000000000800a640                USART1_ICR_fields
 .rodata.NVIC_IPR6_fields
                0x000000000800a6a8       0x28 decoder/STM32F30x_decoder.o
                0x000000000800a6a8                NVIC_IPR6_fields
 .rodata.TIM15_CCMR1_Input_fields
                0x000000000800a6d0       0x38 decoder/STM32F30x_decoder.o
                0x000000000800a6d0                TIM15_CCMR1_Input_fields
 .rodata.DAC_DHR12R2_fields
                0x000000000800a708       0x10 decoder/STM32F30x_decoder.o
                0x000000000800a708                DAC_DHR12R2_fields
 .rodata.RCC_AHBENR_fields
                0x000000000800a718       0x78 decoder/STM32F30x_decoder.o
                0x000000000800a718                RCC_AHBENR_fields
 .rodata.RTC_BKP14R_fields
                0x000000000800a790       0x10 decoder/STM32F30x_decoder.o
                0x000000000800a790                RTC_BKP14R_fields
 .rodata.CAN_F20R1_fields
                0x000000000800a7a0      0x108 decoder/STM32F30x_decoder.o
                0x000000000800a7a0                CAN_F20R1_fields
 .rodata.CAN_F27R2_fields
                0x000000000800a8a8      0x108 decoder/STM32F30x_decoder.o
                0x000000000800a8a8                CAN_F27R2_fields
 .rodata.TIM6_SR_fields
                0x000000000800a9b0       0x10 decoder/STM32F30x_decoder.o
                0x000000000800a9b0                TIM6_SR_fields
 .rodata.RCC_CIR_fields
                0x000000000800a9c0       0x90 decoder/STM32F30x_decoder.o
                0x000000000800a9c0                RCC_CIR_fields
 .rodata.CAN_TDH1R_fields
                0x000000000800aa50       0x28 decoder/STM32F30x_decoder.o
                0x000000000800aa50                CAN_TDH1R_fields
 .rodata.NVIC_IPR9_fields
                0x000000000800aa78       0x28 decoder/STM32F30x_decoder.o
                0x000000000800aa78                NVIC_IPR9_fields
 .rodata.TIM8_CCER_fields
                0x000000000800aaa0       0xa0 decoder/STM32F30x_decoder.o
                0x000000000800aaa0                TIM8_CCER_fields
 .rodata.CAN_FFA1R_fields
                0x000000000800ab40       0xe8 decoder/STM32F30x_decoder.o
                0x000000000800ab40                CAN_FFA1R_fields
 .rodata.TIM17_registers
                0x000000000800ac28       0xcc decoder/STM32F30x_decoder.o
                0x000000000800ac28                TIM17_registers
 .rodata.TIM15_DMAR_fields
                0x000000000800acf4       0x10 decoder/STM32F30x_decoder.o
                0x000000000800acf4                TIM15_DMAR_fields
 .rodata.DBGMCU_registers
                0x000000000800ad04       0x3c decoder/STM32F30x_decoder.o
                0x000000000800ad04                DBGMCU_registers
 .rodata.EXTI_EMR2_fields
                0x000000000800ad40       0x28 decoder/STM32F30x_decoder.o
                0x000000000800ad40                EXTI_EMR2_fields
 .rodata.TIM8_SMCR_fields
                0x000000000800ad68       0x50 decoder/STM32F30x_decoder.o
                0x000000000800ad68                TIM8_SMCR_fields
 .rodata.CAN_F10R2_fields
                0x000000000800adb8      0x108 decoder/STM32F30x_decoder.o
                0x000000000800adb8                CAN_F10R2_fields
 .rodata.SPI1_CRCPR_fields
                0x000000000800aec0       0x10 decoder/STM32F30x_decoder.o
                0x000000000800aec0                SPI1_CRCPR_fields
 .rodata.TIM16_DCR_fields
                0x000000000800aed0       0x18 decoder/STM32F30x_decoder.o
                0x000000000800aed0                TIM16_DCR_fields
 .rodata.ADC1_2_CCR_fields
                0x000000000800aee8       0x48 decoder/STM32F30x_decoder.o
                0x000000000800aee8                ADC1_2_CCR_fields
 .rodata.TIM15_CCER_fields
                0x000000000800af30       0x40 decoder/STM32F30x_decoder.o
                0x000000000800af30                TIM15_CCER_fields
 .rodata.COMP_COMP1_CSR_fields
                0x000000000800af70       0x58 decoder/STM32F30x_decoder.o
                0x000000000800af70                COMP_COMP1_CSR_fields
 .rodata.RTC_WPR_fields
                0x000000000800afc8       0x10 decoder/STM32F30x_decoder.o
                0x000000000800afc8                RTC_WPR_fields
 .rodata.TIM17_CNT_fields
                0x000000000800afd8       0x18 decoder/STM32F30x_decoder.o
                0x000000000800afd8                TIM17_CNT_fields
 .rodata.GPIOA_BRR_fields
                0x000000000800aff0       0x88 decoder/STM32F30x_decoder.o
                0x000000000800aff0                GPIOA_BRR_fields
 .rodata.RTC_BKP17R_fields
                0x000000000800b078       0x10 decoder/STM32F30x_decoder.o
                0x000000000800b078                RTC_BKP17R_fields
 .rodata.CAN_F7R1_fields
                0x000000000800b088      0x108 decoder/STM32F30x_decoder.o
                0x000000000800b088                CAN_F7R1_fields
 .rodata.GPIOB_MODER_fields
                0x000000000800b190       0x88 decoder/STM32F30x_decoder.o
                0x000000000800b190                GPIOB_MODER_fields
 .rodata.OPAMP_OPAMP4_CR_fields
                0x000000000800b218       0x88 decoder/STM32F30x_decoder.o
                0x000000000800b218                OPAMP_OPAMP4_CR_fields
 .rodata.GPIOA_IDR_fields
                0x000000000800b2a0       0x88 decoder/STM32F30x_decoder.o
                0x000000000800b2a0                GPIOA_IDR_fields
 .rodata.CAN_F8R2_fields
                0x000000000800b328      0x108 decoder/STM32F30x_decoder.o
                0x000000000800b328                CAN_F8R2_fields
 .rodata.TIM15_SMCR_fields
                0x000000000800b430       0x28 decoder/STM32F30x_decoder.o
                0x000000000800b430                TIM15_SMCR_fields
 .rodata.I2C1_ISR_fields
                0x000000000800b458       0x90 decoder/STM32F30x_decoder.o
                0x000000000800b458                I2C1_ISR_fields
 .rodata.CAN_F1R2_fields
                0x000000000800b4e8      0x108 decoder/STM32F30x_decoder.o
                0x000000000800b4e8                CAN_F1R2_fields
 .rodata.TIM8_registers
                0x000000000800b5f0      0x144 decoder/STM32F30x_decoder.o
                0x000000000800b5f0                TIM8_registers
 .rodata.EXTI_FTSR1_fields
                0x000000000800b734       0xd8 decoder/STM32F30x_decoder.o
                0x000000000800b734                EXTI_FTSR1_fields
 .rodata.IWDG_RLR_fields
                0x000000000800b80c       0x10 decoder/STM32F30x_decoder.o
                0x000000000800b80c                IWDG_RLR_fields
 .rodata.RTC_TSTR_fields
                0x000000000800b81c       0x40 decoder/STM32F30x_decoder.o
                0x000000000800b81c                RTC_TSTR_fields
 .rodata.TIM15_SR_fields
                0x000000000800b85c       0x48 decoder/STM32F30x_decoder.o
                0x000000000800b85c                TIM15_SR_fields
 .rodata.NVIC_ISER1_fields
                0x000000000800b8a4       0x10 decoder/STM32F30x_decoder.o
                0x000000000800b8a4                NVIC_ISER1_fields
 .rodata.DES_UID1_fields
                0x000000000800b8b4       0x18 decoder/STM32F30x_decoder.o
                0x000000000800b8b4                DES_UID1_fields
 .rodata.CAN_F21R1_fields
                0x000000000800b8cc      0x108 decoder/STM32F30x_decoder.o
                0x000000000800b8cc                CAN_F21R1_fields
 .rodata.DBGMCU_IDCODE_fields
                0x000000000800b9d4       0x18 decoder/STM32F30x_decoder.o
                0x000000000800b9d4                DBGMCU_IDCODE_fields
 .rodata.RTC_BKP20R_fields
                0x000000000800b9ec       0x10 decoder/STM32F30x_decoder.o
                0x000000000800b9ec                RTC_BKP20R_fields
 .rodata.CAN_TDL1R_fields
                0x000000000800b9fc       0x28 decoder/STM32F30x_decoder.o
                0x000000000800b9fc                CAN_TDL1R_fields
 .rodata.CRC_DR_fields
                0x000000000800ba24       0x10 decoder/STM32F30x_decoder.o
                0x000000000800ba24                CRC_DR_fields
 .rodata.DMA1_CMAR1_fields
                0x000000000800ba34       0x10 decoder/STM32F30x_decoder.o
                0x000000000800ba34                DMA1_CMAR1_fields
 .rodata.TIM15_EGR_fields
                0x000000000800ba44       0x38 decoder/STM32F30x_decoder.o
                0x000000000800ba44                TIM15_EGR_fields
 .rodata.NVIC_IPR19_fields
                0x000000000800ba7c       0x28 decoder/STM32F30x_decoder.o
                0x000000000800ba7c                NVIC_IPR19_fields
 .rodata.ADC1_SQR2_fields
                0x000000000800baa4       0x30 decoder/STM32F30x_decoder.o
                0x000000000800baa4                ADC1_SQR2_fields
 .rodata.NVIC_ICPR0_fields
                0x000000000800bad4       0x10 decoder/STM32F30x_decoder.o
                0x000000000800bad4                NVIC_ICPR0_fields
 .rodata.TIM16_CCMR1_Output_fields
                0x000000000800bae4       0x30 decoder/STM32F30x_decoder.o
                0x000000000800bae4                TIM16_CCMR1_Output_fields
 .rodata.GPIOA_ODR_fields
                0x000000000800bb14       0x88 decoder/STM32F30x_decoder.o
                0x000000000800bb14                GPIOA_ODR_fields
 .rodata.GPIOA_MODER_fields
                0x000000000800bb9c       0x88 decoder/STM32F30x_decoder.o
                0x000000000800bb9c                GPIOA_MODER_fields
 .rodata.GPIOB_OTYPER_fields
                0x000000000800bc24       0x88 decoder/STM32F30x_decoder.o
                0x000000000800bc24                GPIOB_OTYPER_fields
 .rodata.DBGMCU_CR_fields
                0x000000000800bcac       0x30 decoder/STM32F30x_decoder.o
                0x000000000800bcac                DBGMCU_CR_fields
 .rodata.TSC_IER_fields
                0x000000000800bcdc       0x18 decoder/STM32F30x_decoder.o
                0x000000000800bcdc                TSC_IER_fields
 .rodata.TIM1_EGR_fields
                0x000000000800bcf4       0x50 decoder/STM32F30x_decoder.o
                0x000000000800bcf4                TIM1_EGR_fields
 .rodata.USB_FS_USB_CNTR_fields
                0x000000000800bd44       0x70 decoder/STM32F30x_decoder.o
                0x000000000800bd44                USB_FS_USB_CNTR_fields
 .rodata.TIM8_DMAR_fields
                0x000000000800bdb4       0x10 decoder/STM32F30x_decoder.o
                0x000000000800bdb4                TIM8_DMAR_fields
 .rodata.RTC_ALRMBR_fields
                0x000000000800bdc4       0x78 decoder/STM32F30x_decoder.o
                0x000000000800bdc4                RTC_ALRMBR_fields
 .rodata.GPIOA_OTYPER_fields
                0x000000000800be3c       0x88 decoder/STM32F30x_decoder.o
                0x000000000800be3c                GPIOA_OTYPER_fields
 .rodata.ADC1_TR1_fields
                0x000000000800bec4       0x18 decoder/STM32F30x_decoder.o
                0x000000000800bec4                ADC1_TR1_fields
 .rodata.CAN_FM1R_fields
                0x000000000800bedc       0xe8 decoder/STM32F30x_decoder.o
                0x000000000800bedc                CAN_FM1R_fields
 .rodata.ADC1_SMPR1_fields
                0x000000000800bfc4       0x50 decoder/STM32F30x_decoder.o
                0x000000000800bfc4                ADC1_SMPR1_fields
 .rodata.COMP_registers
                0x000000000800c014       0x60 decoder/STM32F30x_decoder.o
                0x000000000800c014                COMP_registers
 .rodata.TSC_ISR_fields
                0x000000000800c074       0x18 decoder/STM32F30x_decoder.o
                0x000000000800c074                TSC_ISR_fields
 .rodata.TIM1_RCR_fields
                0x000000000800c08c       0x10 decoder/STM32F30x_decoder.o
                0x000000000800c08c                TIM1_RCR_fields
 .rodata.COMP_COMP7_CSR_fields
                0x000000000800c09c       0x58 decoder/STM32F30x_decoder.o
                0x000000000800c09c                COMP_COMP7_CSR_fields
 .rodata.CRC_CR_fields
                0x000000000800c0f4       0x28 decoder/STM32F30x_decoder.o
                0x000000000800c0f4                CRC_CR_fields
 .rodata.TSC_IOCCR_fields
                0x000000000800c11c      0x108 decoder/STM32F30x_decoder.o
                0x000000000800c11c                TSC_IOCCR_fields
 .rodata.NVIC_ICER2_fields
                0x000000000800c224       0x10 decoder/STM32F30x_decoder.o
                0x000000000800c224                NVIC_ICER2_fields
 .rodata.TIM17_CCR1_fields
                0x000000000800c234       0x10 decoder/STM32F30x_decoder.o
                0x000000000800c234                TIM17_CCR1_fields
 .rodata.I2C1_TXDR_fields
                0x000000000800c244       0x10 decoder/STM32F30x_decoder.o
                0x000000000800c244                I2C1_TXDR_fields
 .rodata.WWDG_registers
                0x000000000800c254       0x30 decoder/STM32F30x_decoder.o
                0x000000000800c254                WWDG_registers
 .rodata.EXTI_PR2_fields
                0x000000000800c284       0x18 decoder/STM32F30x_decoder.o
                0x000000000800c284                EXTI_PR2_fields
 .rodata.CAN_TDT2R_fields
                0x000000000800c29c       0x20 decoder/STM32F30x_decoder.o
                0x000000000800c29c                CAN_TDT2R_fields
 .rodata.TIM15_RCR_fields
                0x000000000800c2bc       0x10 decoder/STM32F30x_decoder.o
                0x000000000800c2bc                TIM15_RCR_fields
 .rodata.COMP_COMP4_CSR_fields
                0x000000000800c2cc       0x60 decoder/STM32F30x_decoder.o
                0x000000000800c2cc                COMP_COMP4_CSR_fields
 .rodata.TIM2_CCMR2_Input_fields
                0x000000000800c32c       0x38 decoder/STM32F30x_decoder.o
                0x000000000800c32c                TIM2_CCMR2_Input_fields
 .rodata.EXTI_RTSR2_fields
                0x000000000800c364       0x18 decoder/STM32F30x_decoder.o
                0x000000000800c364                EXTI_RTSR2_fields
 .rodata.RTC_BKP11R_fields
                0x000000000800c37c       0x10 decoder/STM32F30x_decoder.o
                0x000000000800c37c                RTC_BKP11R_fields
 .rodata.FPU_CPACR_fields
                0x000000000800c38c       0x58 decoder/STM32F30x_decoder.o
                0x000000000800c38c                FPU_CPACR_fields
 .rodata.CAN_F3R2_fields
                0x000000000800c3e4      0x108 decoder/STM32F30x_decoder.o
                0x000000000800c3e4                CAN_F3R2_fields
 .rodata.CAN_F3R1_fields
                0x000000000800c4ec      0x108 decoder/STM32F30x_decoder.o
                0x000000000800c4ec                CAN_F3R1_fields
 .rodata.FPU_FPDSCR_fields
                0x000000000800c5f4       0x28 decoder/STM32F30x_decoder.o
                0x000000000800c5f4                FPU_FPDSCR_fields
 .rodata.DAC_DHR8R2_fields
                0x000000000800c61c       0x10 decoder/STM32F30x_decoder.o
                0x000000000800c61c                DAC_DHR8R2_fields
 .rodata.RTC_BKP1R_fields
                0x000000000800c62c       0x10 decoder/STM32F30x_decoder.o
                0x000000000800c62c                RTC_BKP1R_fields
 .rodata.RTC_BKP18R_fields
                0x000000000800c63c       0x10 decoder/STM32F30x_decoder.o
                0x000000000800c63c                RTC_BKP18R_fields
 .rodata.TIM1_CCR3_fields
                0x000000000800c64c       0x10 decoder/STM32F30x_decoder.o
                0x000000000800c64c                TIM1_CCR3_fields
 .rodata.CAN_TI0R_fields
                0x000000000800c65c       0x30 decoder/STM32F30x_decoder.o
                0x000000000800c65c                CAN_TI0R_fields
 .rodata.CAN_RDT0R_fields
                0x000000000800c68c       0x20 decoder/STM32F30x_decoder.o
                0x000000000800c68c                CAN_RDT0R_fields
 .rodata.RTC_TSSSR_fields
                0x000000000800c6ac       0x10 decoder/STM32F30x_decoder.o
                0x000000000800c6ac                RTC_TSSSR_fields
 .rodata.CRC_registers
                0x000000000800c6bc       0x48 decoder/STM32F30x_decoder.o
                0x000000000800c6bc                CRC_registers
 .rodata.TIM16_CR1_fields
                0x000000000800c704       0x40 decoder/STM32F30x_decoder.o
                0x000000000800c704                TIM16_CR1_fields
 .rodata.CAN_F14R1_fields
                0x000000000800c744      0x108 decoder/STM32F30x_decoder.o
                0x000000000800c744                CAN_F14R1_fields
 .rodata.TIM2_DCR_fields
                0x000000000800c84c       0x18 decoder/STM32F30x_decoder.o
                0x000000000800c84c                TIM2_DCR_fields
 .rodata.CAN_TDL2R_fields
                0x000000000800c864       0x28 decoder/STM32F30x_decoder.o
                0x000000000800c864                CAN_TDL2R_fields
 .rodata.I2C1_CR1_fields
                0x000000000800c88c       0xb0 decoder/STM32F30x_decoder.o
                0x000000000800c88c                I2C1_CR1_fields
 .rodata.TIM8_CCR2_fields
                0x000000000800c93c       0x10 decoder/STM32F30x_decoder.o
                0x000000000800c93c                TIM8_CCR2_fields
 .rodata.TSC_IOG2CR_fields
                0x000000000800c94c       0x10 decoder/STM32F30x_decoder.o
                0x000000000800c94c                TSC_IOG2CR_fields
 .rodata.CAN_F23R2_fields
                0x000000000800c95c      0x108 decoder/STM32F30x_decoder.o
                0x000000000800c95c                CAN_F23R2_fields
 .rodata.TIM1_CCR6_fields
                0x000000000800ca64       0x10 decoder/STM32F30x_decoder.o
                0x000000000800ca64                TIM1_CCR6_fields
 .rodata.FPU_MVFR1_fields
                0x000000000800ca74       0x28 decoder/STM32F30x_decoder.o
                0x000000000800ca74                FPU_MVFR1_fields
 .rodata.SPI1_CR2_fields
                0x000000000800ca9c       0x68 decoder/STM32F30x_decoder.o
                0x000000000800ca9c                SPI1_CR2_fields
 .rodata.TIM2_CR1_fields
                0x000000000800cb04       0x50 decoder/STM32F30x_decoder.o
                0x000000000800cb04                TIM2_CR1_fields
 .rodata.CAN_ESR_fields
                0x000000000800cb54       0x38 decoder/STM32F30x_decoder.o
                0x000000000800cb54                CAN_ESR_fields
 .rodata.TIM2_CCER_fields
                0x000000000800cb8c       0x68 decoder/STM32F30x_decoder.o